17:24:04 **** Build of configuration Debug for project stu2 ****
make -j8 all 
arm-none-eabi-gcc "../Drivers/STM32G4xx_HAL_Driver/Src/stm32g4xx_hal.c" -mcpu=cortex-m4 -std=gnu11 -g3 -DDEBUG -DUSE_HAL_DRIVER -DSTM32G474xx -c -I../Core/Inc -I../Drivers/STM32G4xx_HAL_Driver/Inc -I../Drivers/STM32G4xx_HAL_Driver/Inc/Legacy -I../Drivers/CMSIS/Device/ST/STM32G4xx/Include -I../Drivers/CMSIS/Include -O0 -ffunction-sections -fdata-sections -Wall -fstack-usage -fcyclomatic-complexity -MMD -MP -MF"Drivers/STM32G4xx_HAL_Driver/Src/stm32g4xx_hal.d" -MT"Drivers/STM32G4xx_HAL_Driver/Src/stm32g4xx_hal.o" --specs=nano.specs -mfpu=fpv4-sp-d16 -mfloat-abi=hard -mthumb -o "Drivers/STM32G4xx_HAL_Driver/Src/stm32g4xx_hal.o"
arm-none-eabi-gcc "../Drivers/STM32G4xx_HAL_Driver/Src/stm32g4xx_hal_cortex.c" -mcpu=cortex-m4 -std=gnu11 -g3 -DDEBUG -DUSE_HAL_DRIVER -DSTM32G474xx -c -I../Core/Inc -I../Drivers/STM32G4xx_HAL_Driver/Inc -I../Drivers/STM32G4xx_HAL_Driver/Inc/Legacy -I../Drivers/CMSIS/Device/ST/STM32G4xx/Include -I../Drivers/CMSIS/Include -O0 -ffunction-sections -fdata-sections -Wall -fstack-usage -fcyclomatic-complexity -MMD -MP -MF"Drivers/STM32G4xx_HAL_Driver/Src/stm32g4xx_hal_cortex.d" -MT"Drivers/STM32G4xx_HAL_Driver/Src/stm32g4xx_hal_cortex.o" --specs=nano.specs -mfpu=fpv4-sp-d16 -mfloat-abi=hard -mthumb -o "Drivers/STM32G4xx_HAL_Driver/Src/stm32g4xx_hal_cortex.o"
arm-none-eabi-gcc "../Drivers/STM32G4xx_HAL_Driver/Src/stm32g4xx_hal_dma.c" -mcpu=cortex-m4 -std=gnu11 -g3 -DDEBUG -DUSE_HAL_DRIVER -DSTM32G474xx -c -I../Core/Inc -I../Drivers/STM32G4xx_HAL_Driver/Inc -I../Drivers/STM32G4xx_HAL_Driver/Inc/Legacy -I../Drivers/CMSIS/Device/ST/STM32G4xx/Include -I../Drivers/CMSIS/Include -O0 -ffunction-sections -fdata-sections -Wall -fstack-usage -fcyclomatic-complexity -MMD -MP -MF"Drivers/STM32G4xx_HAL_Driver/Src/stm32g4xx_hal_dma.d" -MT"Drivers/STM32G4xx_HAL_Driver/Src/stm32g4xx_hal_dma.o" --specs=nano.specs -mfpu=fpv4-sp-d16 -mfloat-abi=hard -mthumb -o "Drivers/STM32G4xx_HAL_Driver/Src/stm32g4xx_hal_dma.o"
arm-none-eabi-gcc "../Drivers/STM32G4xx_HAL_Driver/Src/stm32g4xx_hal_dma_ex.c" -mcpu=cortex-m4 -std=gnu11 -g3 -DDEBUG -DUSE_HAL_DRIVER -DSTM32G474xx -c -I../Core/Inc -I../Drivers/STM32G4xx_HAL_Driver/Inc -I../Drivers/STM32G4xx_HAL_Driver/Inc/Legacy -I../Drivers/CMSIS/Device/ST/STM32G4xx/Include -I../Drivers/CMSIS/Include -O0 -ffunction-sections -fdata-sections -Wall -fstack-usage -fcyclomatic-complexity -MMD -MP -MF"Drivers/STM32G4xx_HAL_Driver/Src/stm32g4xx_hal_dma_ex.d" -MT"Drivers/STM32G4xx_HAL_Driver/Src/stm32g4xx_hal_dma_ex.o" --specs=nano.specs -mfpu=fpv4-sp-d16 -mfloat-abi=hard -mthumb -o "Drivers/STM32G4xx_HAL_Driver/Src/stm32g4xx_hal_dma_ex.o"
arm-none-eabi-gcc "../Drivers/STM32G4xx_HAL_Driver/Src/stm32g4xx_hal_exti.c" -mcpu=cortex-m4 -std=gnu11 -g3 -DDEBUG -DUSE_HAL_DRIVER -DSTM32G474xx -c -I../Core/Inc -I../Drivers/STM32G4xx_HAL_Driver/Inc -I../Drivers/STM32G4xx_HAL_Driver/Inc/Legacy -I../Drivers/CMSIS/Device/ST/STM32G4xx/Include -I../Drivers/CMSIS/Include -O0 -ffunction-sections -fdata-sections -Wall -fstack-usage -fcyclomatic-complexity -MMD -MP -MF"Drivers/STM32G4xx_HAL_Driver/Src/stm32g4xx_hal_exti.d" -MT"Drivers/STM32G4xx_HAL_Driver/Src/stm32g4xx_hal_exti.o" --specs=nano.specs -mfpu=fpv4-sp-d16 -mfloat-abi=hard -mthumb -o "Drivers/STM32G4xx_HAL_Driver/Src/stm32g4xx_hal_exti.o"
arm-none-eabi-gcc "../Drivers/STM32G4xx_HAL_Driver/Src/stm32g4xx_hal_flash.c" -mcpu=cortex-m4 -std=gnu11 -g3 -DDEBUG -DUSE_HAL_DRIVER -DSTM32G474xx -c -I../Core/Inc -I../Drivers/STM32G4xx_HAL_Driver/Inc -I../Drivers/STM32G4xx_HAL_Driver/Inc/Legacy -I../Drivers/CMSIS/Device/ST/STM32G4xx/Include -I../Drivers/CMSIS/Include -O0 -ffunction-sections -fdata-sections -Wall -fstack-usage -fcyclomatic-complexity -MMD -MP -MF"Drivers/STM32G4xx_HAL_Driver/Src/stm32g4xx_hal_flash.d" -MT"Drivers/STM32G4xx_HAL_Driver/Src/stm32g4xx_hal_flash.o" --specs=nano.specs -mfpu=fpv4-sp-d16 -mfloat-abi=hard -mthumb -o "Drivers/STM32G4xx_HAL_Driver/Src/stm32g4xx_hal_flash.o"
arm-none-eabi-gcc "../Drivers/STM32G4xx_HAL_Driver/Src/stm32g4xx_hal_flash_ex.c" -mcpu=cortex-m4 -std=gnu11 -g3 -DDEBUG -DUSE_HAL_DRIVER -DSTM32G474xx -c -I../Core/Inc -I../Drivers/STM32G4xx_HAL_Driver/Inc -I../Drivers/STM32G4xx_HAL_Driver/Inc/Legacy -I../Drivers/CMSIS/Device/ST/STM32G4xx/Include -I../Drivers/CMSIS/Include -O0 -ffunction-sections -fdata-sections -Wall -fstack-usage -fcyclomatic-complexity -MMD -MP -MF"Drivers/STM32G4xx_HAL_Driver/Src/stm32g4xx_hal_flash_ex.d" -MT"Drivers/STM32G4xx_HAL_Driver/Src/stm32g4xx_hal_flash_ex.o" --specs=nano.specs -mfpu=fpv4-sp-d16 -mfloat-abi=hard -mthumb -o "Drivers/STM32G4xx_HAL_Driver/Src/stm32g4xx_hal_flash_ex.o"
arm-none-eabi-gcc "../Drivers/STM32G4xx_HAL_Driver/Src/stm32g4xx_hal_flash_ramfunc.c" -mcpu=cortex-m4 -std=gnu11 -g3 -DDEBUG -DUSE_HAL_DRIVER -DSTM32G474xx -c -I../Core/Inc -I../Drivers/STM32G4xx_HAL_Driver/Inc -I../Drivers/STM32G4xx_HAL_Driver/Inc/Legacy -I../Drivers/CMSIS/Device/ST/STM32G4xx/Include -I../Drivers/CMSIS/Include -O0 -ffunction-sections -fdata-sections -Wall -fstack-usage -fcyclomatic-complexity -MMD -MP -MF"Drivers/STM32G4xx_HAL_Driver/Src/stm32g4xx_hal_flash_ramfunc.d" -MT"Drivers/STM32G4xx_HAL_Driver/Src/stm32g4xx_hal_flash_ramfunc.o" --specs=nano.specs -mfpu=fpv4-sp-d16 -mfloat-abi=hard -mthumb -o "Drivers/STM32G4xx_HAL_Driver/Src/stm32g4xx_hal_flash_ramfunc.o"
arm-none-eabi-gcc "../Drivers/STM32G4xx_HAL_Driver/Src/stm32g4xx_hal_gpio.c" -mcpu=cortex-m4 -std=gnu11 -g3 -DDEBUG -DUSE_HAL_DRIVER -DSTM32G474xx -c -I../Core/Inc -I../Drivers/STM32G4xx_HAL_Driver/Inc -I../Drivers/STM32G4xx_HAL_Driver/Inc/Legacy -I../Drivers/CMSIS/Device/ST/STM32G4xx/Include -I../Drivers/CMSIS/Include -O0 -ffunction-sections -fdata-sections -Wall -fstack-usage -fcyclomatic-complexity -MMD -MP -MF"Drivers/STM32G4xx_HAL_Driver/Src/stm32g4xx_hal_gpio.d" -MT"Drivers/STM32G4xx_HAL_Driver/Src/stm32g4xx_hal_gpio.o" --specs=nano.specs -mfpu=fpv4-sp-d16 -mfloat-abi=hard -mthumb -o "Drivers/STM32G4xx_HAL_Driver/Src/stm32g4xx_hal_gpio.o"
arm-none-eabi-gcc "../Drivers/STM32G4xx_HAL_Driver/Src/stm32g4xx_hal_pwr.c" -mcpu=cortex-m4 -std=gnu11 -g3 -DDEBUG -DUSE_HAL_DRIVER -DSTM32G474xx -c -I../Core/Inc -I../Drivers/STM32G4xx_HAL_Driver/Inc -I../Drivers/STM32G4xx_HAL_Driver/Inc/Legacy -I../Drivers/CMSIS/Device/ST/STM32G4xx/Include -I../Drivers/CMSIS/Include -O0 -ffunction-sections -fdata-sections -Wall -fstack-usage -fcyclomatic-complexity -MMD -MP -MF"Drivers/STM32G4xx_HAL_Driver/Src/stm32g4xx_hal_pwr.d" -MT"Drivers/STM32G4xx_HAL_Driver/Src/stm32g4xx_hal_pwr.o" --specs=nano.specs -mfpu=fpv4-sp-d16 -mfloat-abi=hard -mthumb -o "Drivers/STM32G4xx_HAL_Driver/Src/stm32g4xx_hal_pwr.o"
arm-none-eabi-gcc "../Drivers/STM32G4xx_HAL_Driver/Src/stm32g4xx_hal_pwr_ex.c" -mcpu=cortex-m4 -std=gnu11 -g3 -DDEBUG -DUSE_HAL_DRIVER -DSTM32G474xx -c -I../Core/Inc -I../Drivers/STM32G4xx_HAL_Driver/Inc -I../Drivers/STM32G4xx_HAL_Driver/Inc/Legacy -I../Drivers/CMSIS/Device/ST/STM32G4xx/Include -I../Drivers/CMSIS/Include -O0 -ffunction-sections -fdata-sections -Wall -fstack-usage -fcyclomatic-complexity -MMD -MP -MF"Drivers/STM32G4xx_HAL_Driver/Src/stm32g4xx_hal_pwr_ex.d" -MT"Drivers/STM32G4xx_HAL_Driver/Src/stm32g4xx_hal_pwr_ex.o" --specs=nano.specs -mfpu=fpv4-sp-d16 -mfloat-abi=hard -mthumb -o "Drivers/STM32G4xx_HAL_Driver/Src/stm32g4xx_hal_pwr_ex.o"
arm-none-eabi-gcc "../Drivers/STM32G4xx_HAL_Driver/Src/stm32g4xx_hal_rcc.c" -mcpu=cortex-m4 -std=gnu11 -g3 -DDEBUG -DUSE_HAL_DRIVER -DSTM32G474xx -c -I../Core/Inc -I../Drivers/STM32G4xx_HAL_Driver/Inc -I../Drivers/STM32G4xx_HAL_Driver/Inc/Legacy -I../Drivers/CMSIS/Device/ST/STM32G4xx/Include -I../Drivers/CMSIS/Include -O0 -ffunction-sections -fdata-sections -Wall -fstack-usage -fcyclomatic-complexity -MMD -MP -MF"Drivers/STM32G4xx_HAL_Driver/Src/stm32g4xx_hal_rcc.d" -MT"Drivers/STM32G4xx_HAL_Driver/Src/stm32g4xx_hal_rcc.o" --specs=nano.specs -mfpu=fpv4-sp-d16 -mfloat-abi=hard -mthumb -o "Drivers/STM32G4xx_HAL_Driver/Src/stm32g4xx_hal_rcc.o"
arm-none-eabi-gcc "../Drivers/STM32G4xx_HAL_Driver/Src/stm32g4xx_hal_rcc_ex.c" -mcpu=cortex-m4 -std=gnu11 -g3 -DDEBUG -DUSE_HAL_DRIVER -DSTM32G474xx -c -I../Core/Inc -I../Drivers/STM32G4xx_HAL_Driver/Inc -I../Drivers/STM32G4xx_HAL_Driver/Inc/Legacy -I../Drivers/CMSIS/Device/ST/STM32G4xx/Include -I../Drivers/CMSIS/Include -O0 -ffunction-sections -fdata-sections -Wall -fstack-usage -fcyclomatic-complexity -MMD -MP -MF"Drivers/STM32G4xx_HAL_Driver/Src/stm32g4xx_hal_rcc_ex.d" -MT"Drivers/STM32G4xx_HAL_Driver/Src/stm32g4xx_hal_rcc_ex.o" --specs=nano.specs -mfpu=fpv4-sp-d16 -mfloat-abi=hard -mthumb -o "Drivers/STM32G4xx_HAL_Driver/Src/stm32g4xx_hal_rcc_ex.o"
arm-none-eabi-gcc "../Drivers/STM32G4xx_HAL_Driver/Src/stm32g4xx_hal_tim.c" -mcpu=cortex-m4 -std=gnu11 -g3 -DDEBUG -DUSE_HAL_DRIVER -DSTM32G474xx -c -I../Core/Inc -I../Drivers/STM32G4xx_HAL_Driver/Inc -I../Drivers/STM32G4xx_HAL_Driver/Inc/Legacy -I../Drivers/CMSIS/Device/ST/STM32G4xx/Include -I../Drivers/CMSIS/Include -O0 -ffunction-sections -fdata-sections -Wall -fstack-usage -fcyclomatic-complexity -MMD -MP -MF"Drivers/STM32G4xx_HAL_Driver/Src/stm32g4xx_hal_tim.d" -MT"Drivers/STM32G4xx_HAL_Driver/Src/stm32g4xx_hal_tim.o" --specs=nano.specs -mfpu=fpv4-sp-d16 -mfloat-abi=hard -mthumb -o "Drivers/STM32G4xx_HAL_Driver/Src/stm32g4xx_hal_tim.o"
arm-none-eabi-gcc "../Drivers/STM32G4xx_HAL_Driver/Src/stm32g4xx_hal_tim_ex.c" -mcpu=cortex-m4 -std=gnu11 -g3 -DDEBUG -DUSE_HAL_DRIVER -DSTM32G474xx -c -I../Core/Inc -I../Drivers/STM32G4xx_HAL_Driver/Inc -I../Drivers/STM32G4xx_HAL_Driver/Inc/Legacy -I../Drivers/CMSIS/Device/ST/STM32G4xx/Include -I../Drivers/CMSIS/Include -O0 -ffunction-sections -fdata-sections -Wall -fstack-usage -fcyclomatic-complexity -MMD -MP -MF"Drivers/STM32G4xx_HAL_Driver/Src/stm32g4xx_hal_tim_ex.d" -MT"Drivers/STM32G4xx_HAL_Driver/Src/stm32g4xx_hal_tim_ex.o" --specs=nano.specs -mfpu=fpv4-sp-d16 -mfloat-abi=hard -mthumb -o "Drivers/STM32G4xx_HAL_Driver/Src/stm32g4xx_hal_tim_ex.o"
arm-none-eabi-gcc "../Drivers/STM32G4xx_HAL_Driver/Src/stm32g4xx_hal_uart.c" -mcpu=cortex-m4 -std=gnu11 -g3 -DDEBUG -DUSE_HAL_DRIVER -DSTM32G474xx -c -I../Core/Inc -I../Drivers/STM32G4xx_HAL_Driver/Inc -I../Drivers/STM32G4xx_HAL_Driver/Inc/Legacy -I../Drivers/CMSIS/Device/ST/STM32G4xx/Include -I../Drivers/CMSIS/Include -O0 -ffunction-sections -fdata-sections -Wall -fstack-usage -fcyclomatic-complexity -MMD -MP -MF"Drivers/STM32G4xx_HAL_Driver/Src/stm32g4xx_hal_uart.d" -MT"Drivers/STM32G4xx_HAL_Driver/Src/stm32g4xx_hal_uart.o" --specs=nano.specs -mfpu=fpv4-sp-d16 -mfloat-abi=hard -mthumb -o "Drivers/STM32G4xx_HAL_Driver/Src/stm32g4xx_hal_uart.o"
arm-none-eabi-gcc "../Drivers/STM32G4xx_HAL_Driver/Src/stm32g4xx_hal_uart_ex.c" -mcpu=cortex-m4 -std=gnu11 -g3 -DDEBUG -DUSE_HAL_DRIVER -DSTM32G474xx -c -I../Core/Inc -I../Drivers/STM32G4xx_HAL_Driver/Inc -I../Drivers/STM32G4xx_HAL_Driver/Inc/Legacy -I../Drivers/CMSIS/Device/ST/STM32G4xx/Include -I../Drivers/CMSIS/Include -O0 -ffunction-sections -fdata-sections -Wall -fstack-usage -fcyclomatic-complexity -MMD -MP -MF"Drivers/STM32G4xx_HAL_Driver/Src/stm32g4xx_hal_uart_ex.d" -MT"Drivers/STM32G4xx_HAL_Driver/Src/stm32g4xx_hal_uart_ex.o" --specs=nano.specs -mfpu=fpv4-sp-d16 -mfloat-abi=hard -mthumb -o "Drivers/STM32G4xx_HAL_Driver/Src/stm32g4xx_hal_uart_ex.o"
arm-none-eabi-gcc -mcpu=cortex-m4 -g3 -DDEBUG -c -x assembler-with-cpp -MMD -MP -MF"Core/Startup/startup_stm32g474retx.d" -MT"Core/Startup/startup_stm32g474retx.o" --specs=nano.specs -mfpu=fpv4-sp-d16 -mfloat-abi=hard -mthumb -o "Core/Startup/startup_stm32g474retx.o" "../Core/Startup/startup_stm32g474retx.s"
arm-none-eabi-gcc "../Core/Src/main.c" -mcpu=cortex-m4 -std=gnu11 -g3 -DDEBUG -DUSE_HAL_DRIVER -DSTM32G474xx -c -I../Core/Inc -I../Drivers/STM32G4xx_HAL_Driver/Inc -I../Drivers/STM32G4xx_HAL_Driver/Inc/Legacy -I../Drivers/CMSIS/Device/ST/STM32G4xx/Include -I../Drivers/CMSIS/Include -O0 -ffunction-sections -fdata-sections -Wall -fstack-usage -fcyclomatic-complexity -MMD -MP -MF"Core/Src/main.d" -MT"Core/Src/main.o" --specs=nano.specs -mfpu=fpv4-sp-d16 -mfloat-abi=hard -mthumb -o "Core/Src/main.o"
arm-none-eabi-gcc "../Core/Src/stm32g4xx_hal_msp.c" -mcpu=cortex-m4 -std=gnu11 -g3 -DDEBUG -DUSE_HAL_DRIVER -DSTM32G474xx -c -I../Core/Inc -I../Drivers/STM32G4xx_HAL_Driver/Inc -I../Drivers/STM32G4xx_HAL_Driver/Inc/Legacy -I../Drivers/CMSIS/Device/ST/STM32G4xx/Include -I../Drivers/CMSIS/Include -O0 -ffunction-sections -fdata-sections -Wall -fstack-usage -fcyclomatic-complexity -MMD -MP -MF"Core/Src/stm32g4xx_hal_msp.d" -MT"Core/Src/stm32g4xx_hal_msp.o" --specs=nano.specs -mfpu=fpv4-sp-d16 -mfloat-abi=hard -mthumb -o "Core/Src/stm32g4xx_hal_msp.o"
arm-none-eabi-gcc "../Core/Src/stm32g4xx_it.c" -mcpu=cortex-m4 -std=gnu11 -g3 -DDEBUG -DUSE_HAL_DRIVER -DSTM32G474xx -c -I../Core/Inc -I../Drivers/STM32G4xx_HAL_Driver/Inc -I../Drivers/STM32G4xx_HAL_Driver/Inc/Legacy -I../Drivers/CMSIS/Device/ST/STM32G4xx/Include -I../Drivers/CMSIS/Include -O0 -ffunction-sections -fdata-sections -Wall -fstack-usage -fcyclomatic-complexity -MMD -MP -MF"Core/Src/stm32g4xx_it.d" -MT"Core/Src/stm32g4xx_it.o" --specs=nano.specs -mfpu=fpv4-sp-d16 -mfloat-abi=hard -mthumb -o "Core/Src/stm32g4xx_it.o"
arm-none-eabi-gcc "../Core/Src/syscalls.c" -mcpu=cortex-m4 -std=gnu11 -g3 -DDEBUG -DUSE_HAL_DRIVER -DSTM32G474xx -c -I../Core/Inc -I../Drivers/STM32G4xx_HAL_Driver/Inc -I../Drivers/STM32G4xx_HAL_Driver/Inc/Legacy -I../Drivers/CMSIS/Device/ST/STM32G4xx/Include -I../Drivers/CMSIS/Include -O0 -ffunction-sections -fdata-sections -Wall -fstack-usage -fcyclomatic-complexity -MMD -MP -MF"Core/Src/syscalls.d" -MT"Core/Src/syscalls.o" --specs=nano.specs -mfpu=fpv4-sp-d16 -mfloat-abi=hard -mthumb -o "Core/Src/syscalls.o"
arm-none-eabi-gcc "../Core/Src/sysmem.c" -mcpu=cortex-m4 -std=gnu11 -g3 -DDEBUG -DUSE_HAL_DRIVER -DSTM32G474xx -c -I../Core/Inc -I../Drivers/STM32G4xx_HAL_Driver/Inc -I../Drivers/STM32G4xx_HAL_Driver/Inc/Legacy -I../Drivers/CMSIS/Device/ST/STM32G4xx/Include -I../Drivers/CMSIS/Include -O0 -ffunction-sections -fdata-sections -Wall -fstack-usage -fcyclomatic-complexity -MMD -MP -MF"Core/Src/sysmem.d" -MT"Core/Src/sysmem.o" --specs=nano.specs -mfpu=fpv4-sp-d16 -mfloat-abi=hard -mthumb -o "Core/Src/sysmem.o"
arm-none-eabi-gcc "../Core/Src/system_stm32g4xx.c" -mcpu=cortex-m4 -std=gnu11 -g3 -DDEBUG -DUSE_HAL_DRIVER -DSTM32G474xx -c -I../Core/Inc -I../Drivers/STM32G4xx_HAL_Driver/Inc -I../Drivers/STM32G4xx_HAL_Driver/Inc/Legacy -I../Drivers/CMSIS/Device/ST/STM32G4xx/Include -I../Drivers/CMSIS/Include -O0 -ffunction-sections -fdata-sections -Wall -fstack-usage -fcyclomatic-complexity -MMD -MP -MF"Core/Src/system_stm32g4xx.d" -MT"Core/Src/system_stm32g4xx.o" --specs=nano.specs -mfpu=fpv4-sp-d16 -mfloat-abi=hard -mthumb -o "Core/Src/system_stm32g4xx.o"
arm-none-eabi-gcc -o "stu2.elf" @"objects.list"   -mcpu=cortex-m4 -T"C:\Users\chayu\Documents\GitHub\stu2\stu2\STM32G474RETX_FLASH.ld" --specs=nosys.specs -Wl,-Map="stu2.map" -Wl,--gc-sections -static --specs=nano.specs -mfpu=fpv4-sp-d16 -mfloat-abi=hard -mthumb -Wl,--start-group -lc -lm -Wl,--end-group
Finished building target: stu2.elf
 
arm-none-eabi-size  stu2.elf 
arm-none-eabi-objdump -h -S stu2.elf  > "stu2.list"
   text	   data	    bss	    dec	    hex	filename
  15548	     20	   1876	  17444	   4424	stu2.elf
Finished building: default.size.stdout
 
Finished building: stu2.list
 
17:24:28 **** Incremental Build of configuration Debug for project stu2 ****
make -j8 all 
arm-none-eabi-gcc "../Core/Src/main.c" -mcpu=cortex-m4 -std=gnu11 -g3 -DDEBUG -DUSE_HAL_DRIVER -DSTM32G474xx -c -I../Core/Inc -I../Drivers/STM32G4xx_HAL_Driver/Inc -I../Drivers/STM32G4xx_HAL_Driver/Inc/Legacy -I../Drivers/CMSIS/Device/ST/STM32G4xx/Include -I../Drivers/CMSIS/Include -O0 -ffunction-sections -fdata-sections -Wall -fstack-usage -fcyclomatic-complexity -MMD -MP -MF"Core/Src/main.d" -MT"Core/Src/main.o" --specs=nano.specs -mfpu=fpv4-sp-d16 -mfloat-abi=hard -mthumb -o "Core/Src/main.o"
arm-none-eabi-gcc -o "stu2.elf" @"objects.list"   -mcpu=cortex-m4 -T"C:\Users\chayu\Documents\GitHub\stu2\stu2\STM32G474RETX_FLASH.ld" --specs=nosys.specs -Wl,-Map="stu2.map" -Wl,--gc-sections -static --specs=nano.specs -mfpu=fpv4-sp-d16 -mfloat-abi=hard -mthumb -Wl,--start-group -lc -lm -Wl,--end-group
Finished building target: stu2.elf
 
arm-none-eabi-size  stu2.elf 
arm-none-eabi-objdump -h -S stu2.elf  > "stu2.list"
   text	   data	    bss	    dec	    hex	filename
  15588	     20	   1876	  17484	   444c	stu2.elf
Finished building: default.size.stdout
 
Finished building: stu2.list
 
17:25:34 **** Incremental Build of configuration Debug for project stu2 ****
make -j8 all 
arm-none-eabi-gcc "../Core/Src/main.c" -mcpu=cortex-m4 -std=gnu11 -g3 -DDEBUG -DUSE_HAL_DRIVER -DSTM32G474xx -c -I../Core/Inc -I../Drivers/STM32G4xx_HAL_Driver/Inc -I../Drivers/STM32G4xx_HAL_Driver/Inc/Legacy -I../Drivers/CMSIS/Device/ST/STM32G4xx/Include -I../Drivers/CMSIS/Include -O0 -ffunction-sections -fdata-sections -Wall -fstack-usage -fcyclomatic-complexity -MMD -MP -MF"Core/Src/main.d" -MT"Core/Src/main.o" --specs=nano.specs -mfpu=fpv4-sp-d16 -mfloat-abi=hard -mthumb -o "Core/Src/main.o"
arm-none-eabi-gcc -o "stu2.elf" @"objects.list"   -mcpu=cortex-m4 -T"C:\Users\chayu\Documents\GitHub\stu2\stu2\STM32G474RETX_FLASH.ld" --specs=nosys.specs -Wl,-Map="stu2.map" -Wl,--gc-sections -static --specs=nano.specs -mfpu=fpv4-sp-d16 -mfloat-abi=hard -mthumb -Wl,--start-group -lc -lm -Wl,--end-group
Finished building target: stu2.elf
 
arm-none-eabi-size  stu2.elf 
arm-none-eabi-objdump -h -S stu2.elf  > "stu2.list"
   text	   data	    bss	    dec	    hex	filename
  15588	     20	   1876	  17484	   444c	stu2.elf
Finished building: default.size.stdout
 
Finished building: stu2.list
 
17:27:18 **** Incremental Build of configuration Debug for project stu2 ****
make -j8 all 
arm-none-eabi-gcc "../Core/Src/stm32g4xx_hal_msp.c" -mcpu=cortex-m4 -std=gnu11 -g3 -DDEBUG -DUSE_HAL_DRIVER -DSTM32G474xx -c -I../Core/Inc -I../Drivers/STM32G4xx_HAL_Driver/Inc -I../Drivers/STM32G4xx_HAL_Driver/Inc/Legacy -I../Drivers/CMSIS/Device/ST/STM32G4xx/Include -I../Drivers/CMSIS/Include -O0 -ffunction-sections -fdata-sections -Wall -fstack-usage -fcyclomatic-complexity -MMD -MP -MF"Core/Src/stm32g4xx_hal_msp.d" -MT"Core/Src/stm32g4xx_hal_msp.o" --specs=nano.specs -mfpu=fpv4-sp-d16 -mfloat-abi=hard -mthumb -o "Core/Src/stm32g4xx_hal_msp.o"
arm-none-eabi-gcc -o "stu2.elf" @"objects.list"   -mcpu=cortex-m4 -T"C:\Users\chayu\Documents\GitHub\stu2\stu2\STM32G474RETX_FLASH.ld" --specs=nosys.specs -Wl,-Map="stu2.map" -Wl,--gc-sections -static --specs=nano.specs -mfpu=fpv4-sp-d16 -mfloat-abi=hard -mthumb -Wl,--start-group -lc -lm -Wl,--end-group
Finished building target: stu2.elf
 
arm-none-eabi-size  stu2.elf 
arm-none-eabi-objdump -h -S stu2.elf  > "stu2.list"
   text	   data	    bss	    dec	    hex	filename
  15588	     20	   1876	  17484	   444c	stu2.elf
Finished building: default.size.stdout
 
Finished building: stu2.list
 
17:27:45 **** Incremental Build of configuration Debug for project stu2 ****
make -j8 all 
arm-none-eabi-gcc "../Core/Src/main.c" -mcpu=cortex-m4 -std=gnu11 -g3 -DDEBUG -DUSE_HAL_DRIVER -DSTM32G474xx -c -I../Core/Inc -I../Drivers/STM32G4xx_HAL_Driver/Inc -I../Drivers/STM32G4xx_HAL_Driver/Inc/Legacy -I../Drivers/CMSIS/Device/ST/STM32G4xx/Include -I../Drivers/CMSIS/Include -O0 -ffunction-sections -fdata-sections -Wall -fstack-usage -fcyclomatic-complexity -MMD -MP -MF"Core/Src/main.d" -MT"Core/Src/main.o" --specs=nano.specs -mfpu=fpv4-sp-d16 -mfloat-abi=hard -mthumb -o "Core/Src/main.o"
arm-none-eabi-gcc -o "stu2.elf" @"objects.list"   -mcpu=cortex-m4 -T"C:\Users\chayu\Documents\GitHub\stu2\stu2\STM32G474RETX_FLASH.ld" --specs=nosys.specs -Wl,-Map="stu2.map" -Wl,--gc-sections -static --specs=nano.specs -mfpu=fpv4-sp-d16 -mfloat-abi=hard -mthumb -Wl,--start-group -lc -lm -Wl,--end-group
Finished building target: stu2.elf
 
arm-none-eabi-size  stu2.elf 
arm-none-eabi-objdump -h -S stu2.elf  > "stu2.list"
   text	   data	    bss	    dec	    hex	filename
  15588	     20	   1876	  17484	   444c	stu2.elf
Finished building: default.size.stdout
 
Finished building: stu2.list
 
17:43:23 **** Incremental Build of configuration Debug for project stu2 ****
make -j8 all 
arm-none-eabi-gcc "../Core/Src/main.c" -mcpu=cortex-m4 -std=gnu11 -g3 -DDEBUG -DUSE_HAL_DRIVER -DSTM32G474xx -c -I../Core/Inc -I../Drivers/STM32G4xx_HAL_Driver/Inc -I../Drivers/STM32G4xx_HAL_Driver/Inc/Legacy -I../Drivers/CMSIS/Device/ST/STM32G4xx/Include -I../Drivers/CMSIS/Include -O0 -ffunction-sections -fdata-sections -Wall -fstack-usage -fcyclomatic-complexity -MMD -MP -MF"Core/Src/main.d" -MT"Core/Src/main.o" --specs=nano.specs -mfpu=fpv4-sp-d16 -mfloat-abi=hard -mthumb -o "Core/Src/main.o"
arm-none-eabi-gcc -o "stu2.elf" @"objects.list"   -mcpu=cortex-m4 -T"C:\Users\chayu\Documents\GitHub\stu2\stu2\STM32G474RETX_FLASH.ld" --specs=nosys.specs -Wl,-Map="stu2.map" -Wl,--gc-sections -static --specs=nano.specs -mfpu=fpv4-sp-d16 -mfloat-abi=hard -mthumb -Wl,--start-group -lc -lm -Wl,--end-group
Finished building target: stu2.elf
 
arm-none-eabi-size  stu2.elf 
arm-none-eabi-objdump -h -S stu2.elf  > "stu2.list"
   text	   data	    bss	    dec	    hex	filename
  15672	     20	   1884	  17576	   44a8	stu2.elf
Finished building: default.size.stdout
 
Finished building: stu2.list
 
17:44:24 **** Incremental Build of configuration Debug for project stu2 ****
make -j8 all 
arm-none-eabi-gcc "../Core/Src/main.c" -mcpu=cortex-m4 -std=gnu11 -g3 -DDEBUG -DUSE_HAL_DRIVER -DSTM32G474xx -c -I../Core/Inc -I../Drivers/STM32G4xx_HAL_Driver/Inc -I../Drivers/STM32G4xx_HAL_Driver/Inc/Legacy -I../Drivers/CMSIS/Device/ST/STM32G4xx/Include -I../Drivers/CMSIS/Include -O0 -ffunction-sections -fdata-sections -Wall -fstack-usage -fcyclomatic-complexity -MMD -MP -MF"Core/Src/main.d" -MT"Core/Src/main.o" --specs=nano.specs -mfpu=fpv4-sp-d16 -mfloat-abi=hard -mthumb -o "Core/Src/main.o"
arm-none-eabi-gcc -o "stu2.elf" @"objects.list"   -mcpu=cortex-m4 -T"C:\Users\chayu\Documents\GitHub\stu2\stu2\STM32G474RETX_FLASH.ld" --specs=nosys.specs -Wl,-Map="stu2.map" -Wl,--gc-sections -static --specs=nano.specs -mfpu=fpv4-sp-d16 -mfloat-abi=hard -mthumb -Wl,--start-group -lc -lm -Wl,--end-group
Finished building target: stu2.elf
 
arm-none-eabi-size  stu2.elf 
arm-none-eabi-objdump -h -S stu2.elf  > "stu2.list"
   text	   data	    bss	    dec	    hex	filename
  15672	     20	   1884	  17576	   44a8	stu2.elf
Finished building: default.size.stdout
 
Finished building: stu2.list
 
17:47:20 **** Incremental Build of configuration Debug for project stu2 ****
make -j8 all 
arm-none-eabi-gcc "../Core/Src/main.c" -mcpu=cortex-m4 -std=gnu11 -g3 -DDEBUG -DUSE_HAL_DRIVER -DSTM32G474xx -c -I../Core/Inc -I../Drivers/STM32G4xx_HAL_Driver/Inc -I../Drivers/STM32G4xx_HAL_Driver/Inc/Legacy -I../Drivers/CMSIS/Device/ST/STM32G4xx/Include -I../Drivers/CMSIS/Include -O0 -ffunction-sections -fdata-sections -Wall -fstack-usage -fcyclomatic-complexity -MMD -MP -MF"Core/Src/main.d" -MT"Core/Src/main.o" --specs=nano.specs -mfpu=fpv4-sp-d16 -mfloat-abi=hard -mthumb -o "Core/Src/main.o"
arm-none-eabi-gcc -o "stu2.elf" @"objects.list"   -mcpu=cortex-m4 -T"C:\Users\chayu\Documents\GitHub\stu2\stu2\STM32G474RETX_FLASH.ld" --specs=nosys.specs -Wl,-Map="stu2.map" -Wl,--gc-sections -static --specs=nano.specs -mfpu=fpv4-sp-d16 -mfloat-abi=hard -mthumb -Wl,--start-group -lc -lm -Wl,--end-group
Finished building target: stu2.elf
 
arm-none-eabi-size  stu2.elf 
arm-none-eabi-objdump -h -S stu2.elf  > "stu2.list"
   text	   data	    bss	    dec	    hex	filename
  15924	     20	   1884	  17828	   45a4	stu2.elf
Finished building: default.size.stdout
 
Finished building: stu2.list
 
17:48:03 **** Incremental Build of configuration Debug for project stu2 ****
make -j8 all 
arm-none-eabi-size  stu2.elf 
   text	   data	    bss	    dec	    hex	filename
  15924	     20	   1884	  17828	   45a4	stu2.elf
Finished building: default.size.stdout
 
17:49:11 **** Incremental Build of configuration Debug for project stu2 ****
make -j8 all 
arm-none-eabi-gcc "../Core/Src/main.c" -mcpu=cortex-m4 -std=gnu11 -g3 -DDEBUG -DUSE_HAL_DRIVER -DSTM32G474xx -c -I../Core/Inc -I../Drivers/STM32G4xx_HAL_Driver/Inc -I../Drivers/STM32G4xx_HAL_Driver/Inc/Legacy -I../Drivers/CMSIS/Device/ST/STM32G4xx/Include -I../Drivers/CMSIS/Include -O0 -ffunction-sections -fdata-sections -Wall -fstack-usage -fcyclomatic-complexity -MMD -MP -MF"Core/Src/main.d" -MT"Core/Src/main.o" --specs=nano.specs -mfpu=fpv4-sp-d16 -mfloat-abi=hard -mthumb -o "Core/Src/main.o"
arm-none-eabi-gcc -o "stu2.elf" @"objects.list"   -mcpu=cortex-m4 -T"C:\Users\chayu\Documents\GitHub\stu2\stu2\STM32G474RETX_FLASH.ld" --specs=nosys.specs -Wl,-Map="stu2.map" -Wl,--gc-sections -static --specs=nano.specs -mfpu=fpv4-sp-d16 -mfloat-abi=hard -mthumb -Wl,--start-group -lc -lm -Wl,--end-group
Finished building target: stu2.elf
 
arm-none-eabi-size  stu2.elf 
arm-none-eabi-objdump -h -S stu2.elf  > "stu2.list"
   text	   data	    bss	    dec	    hex	filename
  15928	     20	   1884	  17832	   45a8	stu2.elf
Finished building: default.size.stdout
 
Finished building: stu2.list
 
17:51:19 **** Incremental Build of configuration Debug for project stu2 ****
make -j8 all 
arm-none-eabi-gcc "../Core/Src/main.c" -mcpu=cortex-m4 -std=gnu11 -g3 -DDEBUG -DUSE_HAL_DRIVER -DSTM32G474xx -c -I../Core/Inc -I../Drivers/STM32G4xx_HAL_Driver/Inc -I../Drivers/STM32G4xx_HAL_Driver/Inc/Legacy -I../Drivers/CMSIS/Device/ST/STM32G4xx/Include -I../Drivers/CMSIS/Include -O0 -ffunction-sections -fdata-sections -Wall -fstack-usage -fcyclomatic-complexity -MMD -MP -MF"Core/Src/main.d" -MT"Core/Src/main.o" --specs=nano.specs -mfpu=fpv4-sp-d16 -mfloat-abi=hard -mthumb -o "Core/Src/main.o"
arm-none-eabi-gcc -o "stu2.elf" @"objects.list"   -mcpu=cortex-m4 -T"C:\Users\chayu\Documents\GitHub\stu2\stu2\STM32G474RETX_FLASH.ld" --specs=nosys.specs -Wl,-Map="stu2.map" -Wl,--gc-sections -static --specs=nano.specs -mfpu=fpv4-sp-d16 -mfloat-abi=hard -mthumb -Wl,--start-group -lc -lm -Wl,--end-group
Finished building target: stu2.elf
 
arm-none-eabi-size  stu2.elf 
arm-none-eabi-objdump -h -S stu2.elf  > "stu2.list"
   text	   data	    bss	    dec	    hex	filename
  15896	     20	   1884	  17800	   4588	stu2.elf
Finished building: default.size.stdout
 
Finished building: stu2.list
 
17:53:19 **** Incremental Build of configuration Debug for project stu2 ****
make -j8 all 
arm-none-eabi-gcc "../Core/Src/main.c" -mcpu=cortex-m4 -std=gnu11 -g3 -DDEBUG -DUSE_HAL_DRIVER -DSTM32G474xx -c -I../Core/Inc -I../Drivers/STM32G4xx_HAL_Driver/Inc -I../Drivers/STM32G4xx_HAL_Driver/Inc/Legacy -I../Drivers/CMSIS/Device/ST/STM32G4xx/Include -I../Drivers/CMSIS/Include -O0 -ffunction-sections -fdata-sections -Wall -fstack-usage -fcyclomatic-complexity -MMD -MP -MF"Core/Src/main.d" -MT"Core/Src/main.o" --specs=nano.specs -mfpu=fpv4-sp-d16 -mfloat-abi=hard -mthumb -o "Core/Src/main.o"
arm-none-eabi-gcc -o "stu2.elf" @"objects.list"   -mcpu=cortex-m4 -T"C:\Users\chayu\Documents\GitHub\stu2\stu2\STM32G474RETX_FLASH.ld" --specs=nosys.specs -Wl,-Map="stu2.map" -Wl,--gc-sections -static --specs=nano.specs -mfpu=fpv4-sp-d16 -mfloat-abi=hard -mthumb -Wl,--start-group -lc -lm -Wl,--end-group
Finished building target: stu2.elf
 
arm-none-eabi-size  stu2.elf 
arm-none-eabi-objdump -h -S stu2.elf  > "stu2.list"
   text	   data	    bss	    dec	    hex	filename
  15892	     20	   1884	  17796	   4584	stu2.elf
Finished building: default.size.stdout
 
Finished building: stu2.list
 
17:58:18 **** Incremental Build of configuration Debug for project stu2 ****
make -j8 all 
arm-none-eabi-gcc "../Core/Src/main.c" -mcpu=cortex-m4 -std=gnu11 -g3 -DDEBUG -DUSE_HAL_DRIVER -DSTM32G474xx -c -I../Core/Inc -I../Drivers/STM32G4xx_HAL_Driver/Inc -I../Drivers/STM32G4xx_HAL_Driver/Inc/Legacy -I../Drivers/CMSIS/Device/ST/STM32G4xx/Include -I../Drivers/CMSIS/Include -O0 -ffunction-sections -fdata-sections -Wall -fstack-usage -fcyclomatic-complexity -MMD -MP -MF"Core/Src/main.d" -MT"Core/Src/main.o" --specs=nano.specs -mfpu=fpv4-sp-d16 -mfloat-abi=hard -mthumb -o "Core/Src/main.o"
arm-none-eabi-gcc -o "stu2.elf" @"objects.list"   -mcpu=cortex-m4 -T"C:\Users\chayu\Documents\GitHub\stu2\stu2\STM32G474RETX_FLASH.ld" --specs=nosys.specs -Wl,-Map="stu2.map" -Wl,--gc-sections -static --specs=nano.specs -mfpu=fpv4-sp-d16 -mfloat-abi=hard -mthumb -Wl,--start-group -lc -lm -Wl,--end-group
Finished building target: stu2.elf
 
arm-none-eabi-size  stu2.elf 
arm-none-eabi-objdump -h -S stu2.elf  > "stu2.list"
   text	   data	    bss	    dec	    hex	filename
  15892	     20	   1884	  17796	   4584	stu2.elf
Finished building: default.size.stdout
 
Finished building: stu2.list
 
18:03:33 **** Incremental Build of configuration Debug for project stu2 ****
make -j8 all 
arm-none-eabi-gcc -o "stu2.elf" @"objects.list"   -mcpu=cortex-m4 -T"C:\Users\chayu\Documents\GitHub\stu2\stu2\STM32G474RETX_FLASH.ld" --specs=nosys.specs -Wl,-Map="stu2.map" -Wl,--gc-sections -static --specs=nano.specs -mfpu=fpv4-sp-d16 -mfloat-abi=hard -mthumb -Wl,--start-group -lc -lm -Wl,--end-group
Finished building target: stu2.elf
 
arm-none-eabi-size  stu2.elf 
arm-none-eabi-objdump -h -S stu2.elf  > "stu2.list"
   text	   data	    bss	    dec	    hex	filename
  15892	     20	   1884	  17796	   4584	stu2.elf
Finished building: default.size.stdout
 
Finished building: stu2.list
 
18:04:28 **** Incremental Build of configuration Debug for project stu2 ****
make -j8 all 
arm-none-eabi-size  stu2.elf 
   text	   data	    bss	    dec	    hex	filename
  15892	     20	   1884	  17796	   4584	stu2.elf
Finished building: default.size.stdout
 
18:08:11 **** Incremental Build of configuration Debug for project stu2 ****
make -j8 all 
arm-none-eabi-gcc "../Core/Src/main.c" -mcpu=cortex-m4 -std=gnu11 -g3 -DDEBUG -DUSE_HAL_DRIVER -DSTM32G474xx -c -I../Core/Inc -I../Drivers/STM32G4xx_HAL_Driver/Inc -I../Drivers/STM32G4xx_HAL_Driver/Inc/Legacy -I../Drivers/CMSIS/Device/ST/STM32G4xx/Include -I../Drivers/CMSIS/Include -O0 -ffunction-sections -fdata-sections -Wall -fstack-usage -fcyclomatic-complexity -MMD -MP -MF"Core/Src/main.d" -MT"Core/Src/main.o" --specs=nano.specs -mfpu=fpv4-sp-d16 -mfloat-abi=hard -mthumb -o "Core/Src/main.o"
arm-none-eabi-gcc -o "stu2.elf" @"objects.list"   -mcpu=cortex-m4 -T"C:\Users\chayu\Documents\GitHub\stu2\stu2\STM32G474RETX_FLASH.ld" --specs=nosys.specs -Wl,-Map="stu2.map" -Wl,--gc-sections -static --specs=nano.specs -mfpu=fpv4-sp-d16 -mfloat-abi=hard -mthumb -Wl,--start-group -lc -lm -Wl,--end-group
Finished building target: stu2.elf
 
arm-none-eabi-size  stu2.elf 
arm-none-eabi-objdump -h -S stu2.elf  > "stu2.list"
   text	   data	    bss	    dec	    hex	filename
  15876	     20	   1884	  17780	   4574	stu2.elf
Finished building: default.size.stdout
 
Finished building: stu2.list
 
18:15:50 **** Incremental Build of configuration Debug for project stu2 ****
make -j8 all 
arm-none-eabi-gcc "../Core/Src/main.c" -mcpu=cortex-m4 -std=gnu11 -g3 -DDEBUG -DUSE_HAL_DRIVER -DSTM32G474xx -c -I../Core/Inc -I../Drivers/STM32G4xx_HAL_Driver/Inc -I../Drivers/STM32G4xx_HAL_Driver/Inc/Legacy -I../Drivers/CMSIS/Device/ST/STM32G4xx/Include -I../Drivers/CMSIS/Include -O0 -ffunction-sections -fdata-sections -Wall -fstack-usage -fcyclomatic-complexity -MMD -MP -MF"Core/Src/main.d" -MT"Core/Src/main.o" --specs=nano.specs -mfpu=fpv4-sp-d16 -mfloat-abi=hard -mthumb -o "Core/Src/main.o"
arm-none-eabi-gcc -o "stu2.elf" @"objects.list"   -mcpu=cortex-m4 -T"C:\Users\chayu\Documents\GitHub\stu2\stu2\STM32G474RETX_FLASH.ld" --specs=nosys.specs -Wl,-Map="stu2.map" -Wl,--gc-sections -static --specs=nano.specs -mfpu=fpv4-sp-d16 -mfloat-abi=hard -mthumb -Wl,--start-group -lc -lm -Wl,--end-group
Finished building target: stu2.elf
 
arm-none-eabi-size  stu2.elf 
arm-none-eabi-objdump -h -S stu2.elf  > "stu2.list"
   text	   data	    bss	    dec	    hex	filename
  15908	     20	   1884	  17812	   4594	stu2.elf
Finished building: default.size.stdout
 
Finished building: stu2.list
 
18:17:29 **** Incremental Build of configuration Debug for project stu2 ****
make -j8 all 
arm-none-eabi-gcc "../Core/Src/main.c" -mcpu=cortex-m4 -std=gnu11 -g3 -DDEBUG -DUSE_HAL_DRIVER -DSTM32G474xx -c -I../Core/Inc -I../Drivers/STM32G4xx_HAL_Driver/Inc -I../Drivers/STM32G4xx_HAL_Driver/Inc/Legacy -I../Drivers/CMSIS/Device/ST/STM32G4xx/Include -I../Drivers/CMSIS/Include -O0 -ffunction-sections -fdata-sections -Wall -fstack-usage -fcyclomatic-complexity -MMD -MP -MF"Core/Src/main.d" -MT"Core/Src/main.o" --specs=nano.specs -mfpu=fpv4-sp-d16 -mfloat-abi=hard -mthumb -o "Core/Src/main.o"
arm-none-eabi-gcc -o "stu2.elf" @"objects.list"   -mcpu=cortex-m4 -T"C:\Users\chayu\Documents\GitHub\stu2\stu2\STM32G474RETX_FLASH.ld" --specs=nosys.specs -Wl,-Map="stu2.map" -Wl,--gc-sections -static --specs=nano.specs -mfpu=fpv4-sp-d16 -mfloat-abi=hard -mthumb -Wl,--start-group -lc -lm -Wl,--end-group
Finished building target: stu2.elf
 
arm-none-eabi-size  stu2.elf 
arm-none-eabi-objdump -h -S stu2.elf  > "stu2.list"
   text	   data	    bss	    dec	    hex	filename
  15908	     20	   1884	  17812	   4594	stu2.elf
Finished building: default.size.stdout
 
Finished building: stu2.list
 
19:34:01 **** Incremental Build of configuration Debug for project stu2 ****
make -j8 all 
arm-none-eabi-size  stu2.elf 
   text	   data	    bss	    dec	    hex	filename
  15908	     20	   1884	  17812	   4594	stu2.elf
Finished building: default.size.stdout
 
19:34:18 **** Incremental Build of configuration Debug for project stu2 ****
make -j8 all 
arm-none-eabi-size  stu2.elf 
   text	   data	    bss	    dec	    hex	filename
  15908	     20	   1884	  17812	   4594	stu2.elf
Finished building: default.size.stdout
 
16:52:22 **** Incremental Build of configuration Debug for project stu2 ****
make -j8 all 
arm-none-eabi-gcc "../Core/Src/main.c" -mcpu=cortex-m4 -std=gnu11 -g3 -DDEBUG -DUSE_HAL_DRIVER -DSTM32G474xx -c -I../Core/Inc -I../Drivers/STM32G4xx_HAL_Driver/Inc -I../Drivers/STM32G4xx_HAL_Driver/Inc/Legacy -I../Drivers/CMSIS/Device/ST/STM32G4xx/Include -I../Drivers/CMSIS/Include -O0 -ffunction-sections -fdata-sections -Wall -fstack-usage -fcyclomatic-complexity -MMD -MP -MF"Core/Src/main.d" -MT"Core/Src/main.o" --specs=nano.specs -mfpu=fpv4-sp-d16 -mfloat-abi=hard -mthumb -o "Core/Src/main.o"
arm-none-eabi-gcc -o "stu2.elf" @"objects.list"   -mcpu=cortex-m4 -T"C:\Users\chayu\Documents\GitHub\stu2\stu2\STM32G474RETX_FLASH.ld" --specs=nosys.specs -Wl,-Map="stu2.map" -Wl,--gc-sections -static --specs=nano.specs -mfpu=fpv4-sp-d16 -mfloat-abi=hard -mthumb -Wl,--start-group -lc -lm -Wl,--end-group
Finished building target: stu2.elf
 
arm-none-eabi-size  stu2.elf 
arm-none-eabi-objdump -h -S stu2.elf  > "stu2.list"
   text	   data	    bss	    dec	    hex	filename
  15908	     20	   1884	  17812	   4594	stu2.elf
Finished building: default.size.stdout
 
Finished building: stu2.list
 
17:17:40 **** Incremental Build of configuration Debug for project stu2 ****
make -j8 all 
arm-none-eabi-gcc "../Core/Src/main.c" -mcpu=cortex-m4 -std=gnu11 -g3 -DDEBUG -DUSE_HAL_DRIVER -DSTM32G474xx -c -I../Core/Inc -I../Drivers/STM32G4xx_HAL_Driver/Inc -I../Drivers/STM32G4xx_HAL_Driver/Inc/Legacy -I../Drivers/CMSIS/Device/ST/STM32G4xx/Include -I../Drivers/CMSIS/Include -O0 -ffunction-sections -fdata-sections -Wall -fstack-usage -fcyclomatic-complexity -MMD -MP -MF"Core/Src/main.d" -MT"Core/Src/main.o" --specs=nano.specs -mfpu=fpv4-sp-d16 -mfloat-abi=hard -mthumb -o "Core/Src/main.o"
arm-none-eabi-gcc "../Core/Src/stm32g4xx_hal_msp.c" -mcpu=cortex-m4 -std=gnu11 -g3 -DDEBUG -DUSE_HAL_DRIVER -DSTM32G474xx -c -I../Core/Inc -I../Drivers/STM32G4xx_HAL_Driver/Inc -I../Drivers/STM32G4xx_HAL_Driver/Inc/Legacy -I../Drivers/CMSIS/Device/ST/STM32G4xx/Include -I../Drivers/CMSIS/Include -O0 -ffunction-sections -fdata-sections -Wall -fstack-usage -fcyclomatic-complexity -MMD -MP -MF"Core/Src/stm32g4xx_hal_msp.d" -MT"Core/Src/stm32g4xx_hal_msp.o" --specs=nano.specs -mfpu=fpv4-sp-d16 -mfloat-abi=hard -mthumb -o "Core/Src/stm32g4xx_hal_msp.o"
arm-none-eabi-gcc "../Core/Src/stm32g4xx_it.c" -mcpu=cortex-m4 -std=gnu11 -g3 -DDEBUG -DUSE_HAL_DRIVER -DSTM32G474xx -c -I../Core/Inc -I../Drivers/STM32G4xx_HAL_Driver/Inc -I../Drivers/STM32G4xx_HAL_Driver/Inc/Legacy -I../Drivers/CMSIS/Device/ST/STM32G4xx/Include -I../Drivers/CMSIS/Include -O0 -ffunction-sections -fdata-sections -Wall -fstack-usage -fcyclomatic-complexity -MMD -MP -MF"Core/Src/stm32g4xx_it.d" -MT"Core/Src/stm32g4xx_it.o" --specs=nano.specs -mfpu=fpv4-sp-d16 -mfloat-abi=hard -mthumb -o "Core/Src/stm32g4xx_it.o"
arm-none-eabi-gcc -o "stu2.elf" @"objects.list"   -mcpu=cortex-m4 -T"C:\Users\chayu\Documents\GitHub\stu2\stu2\STM32G474RETX_FLASH.ld" --specs=nosys.specs -Wl,-Map="stu2.map" -Wl,--gc-sections -static --specs=nano.specs -mfpu=fpv4-sp-d16 -mfloat-abi=hard -mthumb -Wl,--start-group -lc -lm -Wl,--end-group
Finished building target: stu2.elf
 
arm-none-eabi-size  stu2.elf 
arm-none-eabi-objdump -h -S stu2.elf  > "stu2.list"
   text	   data	    bss	    dec	    hex	filename
  19364	     20	   1956	  21340	   535c	stu2.elf
Finished building: default.size.stdout
 
Finished building: stu2.list
 
17:20:09 **** Incremental Build of configuration Debug for project stu2 ****
make -j8 all 
arm-none-eabi-gcc "../Core/Src/main.c" -mcpu=cortex-m4 -std=gnu11 -g3 -DDEBUG -DUSE_HAL_DRIVER -DSTM32G474xx -c -I../Core/Inc -I../Drivers/STM32G4xx_HAL_Driver/Inc -I../Drivers/STM32G4xx_HAL_Driver/Inc/Legacy -I../Drivers/CMSIS/Device/ST/STM32G4xx/Include -I../Drivers/CMSIS/Include -O0 -ffunction-sections -fdata-sections -Wall -fstack-usage -fcyclomatic-complexity -MMD -MP -MF"Core/Src/main.d" -MT"Core/Src/main.o" --specs=nano.specs -mfpu=fpv4-sp-d16 -mfloat-abi=hard -mthumb -o "Core/Src/main.o"
arm-none-eabi-gcc -o "stu2.elf" @"objects.list"   -mcpu=cortex-m4 -T"C:\Users\chayu\Documents\GitHub\stu2\stu2\STM32G474RETX_FLASH.ld" --specs=nosys.specs -Wl,-Map="stu2.map" -Wl,--gc-sections -static --specs=nano.specs -mfpu=fpv4-sp-d16 -mfloat-abi=hard -mthumb -Wl,--start-group -lc -lm -Wl,--end-group
Finished building target: stu2.elf
 
arm-none-eabi-size  stu2.elf 
arm-none-eabi-objdump -h -S stu2.elf  > "stu2.list"
   text	   data	    bss	    dec	    hex	filename
  19276	     20	   1964	  21260	   530c	stu2.elf
Finished building: default.size.stdout
 
Finished building: stu2.list
 
17:23:37 **** Incremental Build of configuration Debug for project stu2 ****
make -j8 all 
arm-none-eabi-size  stu2.elf 
   text	   data	    bss	    dec	    hex	filename
  19276	     20	   1964	  21260	   530c	stu2.elf
Finished building: default.size.stdout
 
17:25:54 **** Incremental Build of configuration Debug for project stu2 ****
make -j8 all 
arm-none-eabi-gcc "../Core/Src/main.c" -mcpu=cortex-m4 -std=gnu11 -g3 -DDEBUG -DUSE_HAL_DRIVER -DSTM32G474xx -c -I../Core/Inc -I../Drivers/STM32G4xx_HAL_Driver/Inc -I../Drivers/STM32G4xx_HAL_Driver/Inc/Legacy -I../Drivers/CMSIS/Device/ST/STM32G4xx/Include -I../Drivers/CMSIS/Include -O0 -ffunction-sections -fdata-sections -Wall -fstack-usage -fcyclomatic-complexity -MMD -MP -MF"Core/Src/main.d" -MT"Core/Src/main.o" --specs=nano.specs -mfpu=fpv4-sp-d16 -mfloat-abi=hard -mthumb -o "Core/Src/main.o"
arm-none-eabi-gcc -o "stu2.elf" @"objects.list"   -mcpu=cortex-m4 -T"C:\Users\chayu\Documents\GitHub\stu2\stu2\STM32G474RETX_FLASH.ld" --specs=nosys.specs -Wl,-Map="stu2.map" -Wl,--gc-sections -static --specs=nano.specs -mfpu=fpv4-sp-d16 -mfloat-abi=hard -mthumb -Wl,--start-group -lc -lm -Wl,--end-group
Finished building target: stu2.elf
 
arm-none-eabi-size  stu2.elf 
arm-none-eabi-objdump -h -S stu2.elf  > "stu2.list"
   text	   data	    bss	    dec	    hex	filename
  19328	     20	   1964	  21312	   5340	stu2.elf
Finished building: default.size.stdout
 
Finished building: stu2.list
 
17:26:16 **** Incremental Build of configuration Debug for project stu2 ****
make -j8 all 
arm-none-eabi-size  stu2.elf 
   text	   data	    bss	    dec	    hex	filename
  19328	     20	   1964	  21312	   5340	stu2.elf
Finished building: default.size.stdout
 
17:29:05 **** Incremental Build of configuration Debug for project stu2 ****
make -j8 all 
arm-none-eabi-gcc "../Core/Src/main.c" -mcpu=cortex-m4 -std=gnu11 -g3 -DDEBUG -DUSE_HAL_DRIVER -DSTM32G474xx -c -I../Core/Inc -I../Drivers/STM32G4xx_HAL_Driver/Inc -I../Drivers/STM32G4xx_HAL_Driver/Inc/Legacy -I../Drivers/CMSIS/Device/ST/STM32G4xx/Include -I../Drivers/CMSIS/Include -O0 -ffunction-sections -fdata-sections -Wall -fstack-usage -fcyclomatic-complexity -MMD -MP -MF"Core/Src/main.d" -MT"Core/Src/main.o" --specs=nano.specs -mfpu=fpv4-sp-d16 -mfloat-abi=hard -mthumb -o "Core/Src/main.o"
arm-none-eabi-gcc -o "stu2.elf" @"objects.list"   -mcpu=cortex-m4 -T"C:\Users\chayu\Documents\GitHub\stu2\stu2\STM32G474RETX_FLASH.ld" --specs=nosys.specs -Wl,-Map="stu2.map" -Wl,--gc-sections -static --specs=nano.specs -mfpu=fpv4-sp-d16 -mfloat-abi=hard -mthumb -Wl,--start-group -lc -lm -Wl,--end-group
Finished building target: stu2.elf
 
arm-none-eabi-size  stu2.elf 
arm-none-eabi-objdump -h -S stu2.elf  > "stu2.list"
   text	   data	    bss	    dec	    hex	filename
  19364	     20	   1964	  21348	   5364	stu2.elf
Finished building: default.size.stdout
 
Finished building: stu2.list
 
17:31:31 **** Incremental Build of configuration Debug for project stu2 ****
make -j8 all 
arm-none-eabi-gcc "../Core/Src/main.c" -mcpu=cortex-m4 -std=gnu11 -g3 -DDEBUG -DUSE_HAL_DRIVER -DSTM32G474xx -c -I../Core/Inc -I../Drivers/STM32G4xx_HAL_Driver/Inc -I../Drivers/STM32G4xx_HAL_Driver/Inc/Legacy -I../Drivers/CMSIS/Device/ST/STM32G4xx/Include -I../Drivers/CMSIS/Include -O0 -ffunction-sections -fdata-sections -Wall -fstack-usage -fcyclomatic-complexity -MMD -MP -MF"Core/Src/main.d" -MT"Core/Src/main.o" --specs=nano.specs -mfpu=fpv4-sp-d16 -mfloat-abi=hard -mthumb -o "Core/Src/main.o"
arm-none-eabi-gcc -o "stu2.elf" @"objects.list"   -mcpu=cortex-m4 -T"C:\Users\chayu\Documents\GitHub\stu2\stu2\STM32G474RETX_FLASH.ld" --specs=nosys.specs -Wl,-Map="stu2.map" -Wl,--gc-sections -static --specs=nano.specs -mfpu=fpv4-sp-d16 -mfloat-abi=hard -mthumb -Wl,--start-group -lc -lm -Wl,--end-group
Finished building target: stu2.elf
 
arm-none-eabi-size  stu2.elf 
arm-none-eabi-objdump -h -S stu2.elf  > "stu2.list"
   text	   data	    bss	    dec	    hex	filename
  19364	     20	   1964	  21348	   5364	stu2.elf
Finished building: default.size.stdout
 
Finished building: stu2.list
 
17:31:44 **** Incremental Build of configuration Debug for project stu2 ****
make -j8 all 
arm-none-eabi-size  stu2.elf 
   text	   data	    bss	    dec	    hex	filename
  19364	     20	   1964	  21348	   5364	stu2.elf
Finished building: default.size.stdout
 
17:33:02 **** Incremental Build of configuration Debug for project stu2 ****
make -j8 all 
arm-none-eabi-gcc "../Core/Src/main.c" -mcpu=cortex-m4 -std=gnu11 -g3 -DDEBUG -DUSE_HAL_DRIVER -DSTM32G474xx -c -I../Core/Inc -I../Drivers/STM32G4xx_HAL_Driver/Inc -I../Drivers/STM32G4xx_HAL_Driver/Inc/Legacy -I../Drivers/CMSIS/Device/ST/STM32G4xx/Include -I../Drivers/CMSIS/Include -O0 -ffunction-sections -fdata-sections -Wall -fstack-usage -fcyclomatic-complexity -MMD -MP -MF"Core/Src/main.d" -MT"Core/Src/main.o" --specs=nano.specs -mfpu=fpv4-sp-d16 -mfloat-abi=hard -mthumb -o "Core/Src/main.o"
arm-none-eabi-gcc -o "stu2.elf" @"objects.list"   -mcpu=cortex-m4 -T"C:\Users\chayu\Documents\GitHub\stu2\stu2\STM32G474RETX_FLASH.ld" --specs=nosys.specs -Wl,-Map="stu2.map" -Wl,--gc-sections -static --specs=nano.specs -mfpu=fpv4-sp-d16 -mfloat-abi=hard -mthumb -Wl,--start-group -lc -lm -Wl,--end-group
Finished building target: stu2.elf
 
arm-none-eabi-size  stu2.elf 
arm-none-eabi-objdump -h -S stu2.elf  > "stu2.list"
   text	   data	    bss	    dec	    hex	filename
  19352	     20	   1964	  21336	   5358	stu2.elf
Finished building: default.size.stdout
 
Finished building: stu2.list
 
17:34:33 **** Incremental Build of configuration Debug for project stu2 ****
make -j8 all 
arm-none-eabi-gcc "../Core/Src/main.c" -mcpu=cortex-m4 -std=gnu11 -g3 -DDEBUG -DUSE_HAL_DRIVER -DSTM32G474xx -c -I../Core/Inc -I../Drivers/STM32G4xx_HAL_Driver/Inc -I../Drivers/STM32G4xx_HAL_Driver/Inc/Legacy -I../Drivers/CMSIS/Device/ST/STM32G4xx/Include -I../Drivers/CMSIS/Include -O0 -ffunction-sections -fdata-sections -Wall -fstack-usage -fcyclomatic-complexity -MMD -MP -MF"Core/Src/main.d" -MT"Core/Src/main.o" --specs=nano.specs -mfpu=fpv4-sp-d16 -mfloat-abi=hard -mthumb -o "Core/Src/main.o"
arm-none-eabi-gcc -o "stu2.elf" @"objects.list"   -mcpu=cortex-m4 -T"C:\Users\chayu\Documents\GitHub\stu2\stu2\STM32G474RETX_FLASH.ld" --specs=nosys.specs -Wl,-Map="stu2.map" -Wl,--gc-sections -static --specs=nano.specs -mfpu=fpv4-sp-d16 -mfloat-abi=hard -mthumb -Wl,--start-group -lc -lm -Wl,--end-group
Finished building target: stu2.elf
 
arm-none-eabi-size  stu2.elf 
arm-none-eabi-objdump -h -S stu2.elf  > "stu2.list"
   text	   data	    bss	    dec	    hex	filename
  19352	     20	   1964	  21336	   5358	stu2.elf
Finished building: default.size.stdout
 
Finished building: stu2.list
 
17:36:51 **** Incremental Build of configuration Debug for project stu2 ****
make -j8 all 
arm-none-eabi-gcc -o "stu2.elf" @"objects.list"   -mcpu=cortex-m4 -T"C:\Users\chayu\Documents\GitHub\stu2\stu2\STM32G474RETX_FLASH.ld" --specs=nosys.specs -Wl,-Map="stu2.map" -Wl,--gc-sections -static --specs=nano.specs -mfpu=fpv4-sp-d16 -mfloat-abi=hard -mthumb -Wl,--start-group -lc -lm -Wl,--end-group
Finished building target: stu2.elf
 
arm-none-eabi-size  stu2.elf 
arm-none-eabi-objdump -h -S stu2.elf  > "stu2.list"
   text	   data	    bss	    dec	    hex	filename
  19352	     20	   1964	  21336	   5358	stu2.elf
Finished building: default.size.stdout
 
Finished building: stu2.list
 
07:20:14 **** Incremental Build of configuration Debug for project stu2 ****
make -j8 all 
arm-none-eabi-gcc "../Core/Src/main.c" -mcpu=cortex-m4 -std=gnu11 -g3 -DDEBUG -DUSE_HAL_DRIVER -DSTM32G474xx -c -I../Core/Inc -I../Drivers/STM32G4xx_HAL_Driver/Inc -I../Drivers/STM32G4xx_HAL_Driver/Inc/Legacy -I../Drivers/CMSIS/Device/ST/STM32G4xx/Include -I../Drivers/CMSIS/Include -O0 -ffunction-sections -fdata-sections -Wall -fstack-usage -fcyclomatic-complexity -MMD -MP -MF"Core/Src/main.d" -MT"Core/Src/main.o" --specs=nano.specs -mfpu=fpv4-sp-d16 -mfloat-abi=hard -mthumb -o "Core/Src/main.o"
arm-none-eabi-gcc "../Core/Src/stm32g4xx_hal_msp.c" -mcpu=cortex-m4 -std=gnu11 -g3 -DDEBUG -DUSE_HAL_DRIVER -DSTM32G474xx -c -I../Core/Inc -I../Drivers/STM32G4xx_HAL_Driver/Inc -I../Drivers/STM32G4xx_HAL_Driver/Inc/Legacy -I../Drivers/CMSIS/Device/ST/STM32G4xx/Include -I../Drivers/CMSIS/Include -O0 -ffunction-sections -fdata-sections -Wall -fstack-usage -fcyclomatic-complexity -MMD -MP -MF"Core/Src/stm32g4xx_hal_msp.d" -MT"Core/Src/stm32g4xx_hal_msp.o" --specs=nano.specs -mfpu=fpv4-sp-d16 -mfloat-abi=hard -mthumb -o "Core/Src/stm32g4xx_hal_msp.o"
arm-none-eabi-gcc "../Core/Src/stm32g4xx_it.c" -mcpu=cortex-m4 -std=gnu11 -g3 -DDEBUG -DUSE_HAL_DRIVER -DSTM32G474xx -c -I../Core/Inc -I../Drivers/STM32G4xx_HAL_Driver/Inc -I../Drivers/STM32G4xx_HAL_Driver/Inc/Legacy -I../Drivers/CMSIS/Device/ST/STM32G4xx/Include -I../Drivers/CMSIS/Include -O0 -ffunction-sections -fdata-sections -Wall -fstack-usage -fcyclomatic-complexity -MMD -MP -MF"Core/Src/stm32g4xx_it.d" -MT"Core/Src/stm32g4xx_it.o" --specs=nano.specs -mfpu=fpv4-sp-d16 -mfloat-abi=hard -mthumb -o "Core/Src/stm32g4xx_it.o"
arm-none-eabi-gcc -o "stu2.elf" @"objects.list"   -mcpu=cortex-m4 -T"C:\Users\chayu\Documents\GitHub\stu2\stu2\STM32G474RETX_FLASH.ld" --specs=nosys.specs -Wl,-Map="stu2.map" -Wl,--gc-sections -static --specs=nano.specs -mfpu=fpv4-sp-d16 -mfloat-abi=hard -mthumb -Wl,--start-group -lc -lm -Wl,--end-group
Finished building target: stu2.elf
 
arm-none-eabi-size  stu2.elf 
arm-none-eabi-objdump -h -S stu2.elf  > "stu2.list"
   text	   data	    bss	    dec	    hex	filename
  19260	     20	   1964	  21244	   52fc	stu2.elf
Finished building: default.size.stdout
 
Finished building: stu2.list
 
07:39:54 **** Incremental Build of configuration Debug for project stu2 ****
make -j8 all 
arm-none-eabi-gcc "../Core/Src/main.c" -mcpu=cortex-m4 -std=gnu11 -g3 -DDEBUG -DUSE_HAL_DRIVER -DSTM32G474xx -c -I../Core/Inc -I../Drivers/STM32G4xx_HAL_Driver/Inc -I../Drivers/STM32G4xx_HAL_Driver/Inc/Legacy -I../Drivers/CMSIS/Device/ST/STM32G4xx/Include -I../Drivers/CMSIS/Include -O0 -ffunction-sections -fdata-sections -Wall -fstack-usage -fcyclomatic-complexity -MMD -MP -MF"Core/Src/main.d" -MT"Core/Src/main.o" --specs=nano.specs -mfpu=fpv4-sp-d16 -mfloat-abi=hard -mthumb -o "Core/Src/main.o"
arm-none-eabi-gcc -o "stu2.elf" @"objects.list"   -mcpu=cortex-m4 -T"C:\Users\chayu\Documents\GitHub\stu2\stu2\STM32G474RETX_FLASH.ld" --specs=nosys.specs -Wl,-Map="stu2.map" -Wl,--gc-sections -static --specs=nano.specs -mfpu=fpv4-sp-d16 -mfloat-abi=hard -mthumb -Wl,--start-group -lc -lm -Wl,--end-group
Finished building target: stu2.elf
 
arm-none-eabi-size  stu2.elf 
arm-none-eabi-objdump -h -S stu2.elf  > "stu2.list"
   text	   data	    bss	    dec	    hex	filename
  19260	     20	   1964	  21244	   52fc	stu2.elf
Finished building: default.size.stdout
 
Finished building: stu2.list
 
07:42:02 **** Incremental Build of configuration Debug for project stu2 ****
make -j8 all 
arm-none-eabi-gcc "../Core/Src/main.c" -mcpu=cortex-m4 -std=gnu11 -g3 -DDEBUG -DUSE_HAL_DRIVER -DSTM32G474xx -c -I../Core/Inc -I../Drivers/STM32G4xx_HAL_Driver/Inc -I../Drivers/STM32G4xx_HAL_Driver/Inc/Legacy -I../Drivers/CMSIS/Device/ST/STM32G4xx/Include -I../Drivers/CMSIS/Include -O0 -ffunction-sections -fdata-sections -Wall -fstack-usage -fcyclomatic-complexity -MMD -MP -MF"Core/Src/main.d" -MT"Core/Src/main.o" --specs=nano.specs -mfpu=fpv4-sp-d16 -mfloat-abi=hard -mthumb -o "Core/Src/main.o"
arm-none-eabi-gcc -o "stu2.elf" @"objects.list"   -mcpu=cortex-m4 -T"C:\Users\chayu\Documents\GitHub\stu2\stu2\STM32G474RETX_FLASH.ld" --specs=nosys.specs -Wl,-Map="stu2.map" -Wl,--gc-sections -static --specs=nano.specs -mfpu=fpv4-sp-d16 -mfloat-abi=hard -mthumb -Wl,--start-group -lc -lm -Wl,--end-group
Finished building target: stu2.elf
 
arm-none-eabi-size  stu2.elf 
arm-none-eabi-objdump -h -S stu2.elf  > "stu2.list"
   text	   data	    bss	    dec	    hex	filename
  19264	     20	   1964	  21248	   5300	stu2.elf
Finished building: default.size.stdout
 
Finished building: stu2.list
 
07:54:47 **** Incremental Build of configuration Debug for project stu2 ****
make -j8 all 
arm-none-eabi-gcc "../Core/Src/main.c" -mcpu=cortex-m4 -std=gnu11 -g3 -DDEBUG -DUSE_HAL_DRIVER -DSTM32G474xx -c -I../Core/Inc -I../Drivers/STM32G4xx_HAL_Driver/Inc -I../Drivers/STM32G4xx_HAL_Driver/Inc/Legacy -I../Drivers/CMSIS/Device/ST/STM32G4xx/Include -I../Drivers/CMSIS/Include -O0 -ffunction-sections -fdata-sections -Wall -fstack-usage -fcyclomatic-complexity -MMD -MP -MF"Core/Src/main.d" -MT"Core/Src/main.o" --specs=nano.specs -mfpu=fpv4-sp-d16 -mfloat-abi=hard -mthumb -o "Core/Src/main.o"
arm-none-eabi-gcc -o "stu2.elf" @"objects.list"   -mcpu=cortex-m4 -T"C:\Users\chayu\Documents\GitHub\stu2\stu2\STM32G474RETX_FLASH.ld" --specs=nosys.specs -Wl,-Map="stu2.map" -Wl,--gc-sections -static --specs=nano.specs -mfpu=fpv4-sp-d16 -mfloat-abi=hard -mthumb -Wl,--start-group -lc -lm -Wl,--end-group
Finished building target: stu2.elf
 
arm-none-eabi-size  stu2.elf 
arm-none-eabi-objdump -h -S stu2.elf  > "stu2.list"
   text	   data	    bss	    dec	    hex	filename
  19264	     20	   1964	  21248	   5300	stu2.elf
Finished building: default.size.stdout
 
Finished building: stu2.list
 
07:59:22 **** Incremental Build of configuration Debug for project stu2 ****
make -j8 all 
arm-none-eabi-gcc -o "stu2.elf" @"objects.list"   -mcpu=cortex-m4 -T"C:\Users\chayu\Documents\GitHub\stu2\stu2\STM32G474RETX_FLASH.ld" --specs=nosys.specs -Wl,-Map="stu2.map" -Wl,--gc-sections -static --specs=nano.specs -mfpu=fpv4-sp-d16 -mfloat-abi=hard -mthumb -Wl,--start-group -lc -lm -Wl,--end-group
Finished building target: stu2.elf
 
arm-none-eabi-size  stu2.elf 
arm-none-eabi-objdump -h -S stu2.elf  > "stu2.list"
   text	   data	    bss	    dec	    hex	filename
  19264	     20	   1964	  21248	   5300	stu2.elf
Finished building: default.size.stdout
 
Finished building: stu2.list
 
08:00:09 **** Incremental Build of configuration Debug for project stu2 ****
make -j8 all 
arm-none-eabi-gcc "../Core/Src/main.c" -mcpu=cortex-m4 -std=gnu11 -g3 -DDEBUG -DUSE_HAL_DRIVER -DSTM32G474xx -c -I../Core/Inc -I../Drivers/STM32G4xx_HAL_Driver/Inc -I../Drivers/STM32G4xx_HAL_Driver/Inc/Legacy -I../Drivers/CMSIS/Device/ST/STM32G4xx/Include -I../Drivers/CMSIS/Include -O0 -ffunction-sections -fdata-sections -Wall -fstack-usage -fcyclomatic-complexity -MMD -MP -MF"Core/Src/main.d" -MT"Core/Src/main.o" --specs=nano.specs -mfpu=fpv4-sp-d16 -mfloat-abi=hard -mthumb -o "Core/Src/main.o"
arm-none-eabi-gcc -o "stu2.elf" @"objects.list"   -mcpu=cortex-m4 -T"C:\Users\chayu\Documents\GitHub\stu2\stu2\STM32G474RETX_FLASH.ld" --specs=nosys.specs -Wl,-Map="stu2.map" -Wl,--gc-sections -static --specs=nano.specs -mfpu=fpv4-sp-d16 -mfloat-abi=hard -mthumb -Wl,--start-group -lc -lm -Wl,--end-group
Finished building target: stu2.elf
 
arm-none-eabi-size  stu2.elf 
arm-none-eabi-objdump -h -S stu2.elf  > "stu2.list"
   text	   data	    bss	    dec	    hex	filename
  19264	     20	   1964	  21248	   5300	stu2.elf
Finished building: default.size.stdout
 
Finished building: stu2.list
 
08:15:33 **** Incremental Build of configuration Debug for project stu2 ****
make -j8 all 
arm-none-eabi-gcc "../Core/Src/main.c" -mcpu=cortex-m4 -std=gnu11 -g3 -DDEBUG -DUSE_HAL_DRIVER -DSTM32G474xx -c -I../Core/Inc -I../Drivers/STM32G4xx_HAL_Driver/Inc -I../Drivers/STM32G4xx_HAL_Driver/Inc/Legacy -I../Drivers/CMSIS/Device/ST/STM32G4xx/Include -I../Drivers/CMSIS/Include -O0 -ffunction-sections -fdata-sections -Wall -fstack-usage -fcyclomatic-complexity -MMD -MP -MF"Core/Src/main.d" -MT"Core/Src/main.o" --specs=nano.specs -mfpu=fpv4-sp-d16 -mfloat-abi=hard -mthumb -o "Core/Src/main.o"
arm-none-eabi-gcc -o "stu2.elf" @"objects.list"   -mcpu=cortex-m4 -T"C:\Users\chayu\Documents\GitHub\stu2\stu2\STM32G474RETX_FLASH.ld" --specs=nosys.specs -Wl,-Map="stu2.map" -Wl,--gc-sections -static --specs=nano.specs -mfpu=fpv4-sp-d16 -mfloat-abi=hard -mthumb -Wl,--start-group -lc -lm -Wl,--end-group
Finished building target: stu2.elf
 
arm-none-eabi-size  stu2.elf 
arm-none-eabi-objdump -h -S stu2.elf  > "stu2.list"
   text	   data	    bss	    dec	    hex	filename
  19264	     20	   1964	  21248	   5300	stu2.elf
Finished building: default.size.stdout
 
Finished building: stu2.list
 
08:22:01 **** Incremental Build of configuration Debug for project stu2 ****
make -j8 all 
arm-none-eabi-gcc "../Core/Src/main.c" -mcpu=cortex-m4 -std=gnu11 -g3 -DDEBUG -DUSE_HAL_DRIVER -DSTM32G474xx -c -I../Core/Inc -I../Drivers/STM32G4xx_HAL_Driver/Inc -I../Drivers/STM32G4xx_HAL_Driver/Inc/Legacy -I../Drivers/CMSIS/Device/ST/STM32G4xx/Include -I../Drivers/CMSIS/Include -O0 -ffunction-sections -fdata-sections -Wall -fstack-usage -fcyclomatic-complexity -MMD -MP -MF"Core/Src/main.d" -MT"Core/Src/main.o" --specs=nano.specs -mfpu=fpv4-sp-d16 -mfloat-abi=hard -mthumb -o "Core/Src/main.o"
arm-none-eabi-gcc -o "stu2.elf" @"objects.list"   -mcpu=cortex-m4 -T"C:\Users\chayu\Documents\GitHub\stu2\stu2\STM32G474RETX_FLASH.ld" --specs=nosys.specs -Wl,-Map="stu2.map" -Wl,--gc-sections -static --specs=nano.specs -mfpu=fpv4-sp-d16 -mfloat-abi=hard -mthumb -Wl,--start-group -lc -lm -Wl,--end-group
Finished building target: stu2.elf
 
arm-none-eabi-size  stu2.elf 
arm-none-eabi-objdump -h -S stu2.elf  > "stu2.list"
   text	   data	    bss	    dec	    hex	filename
  19264	     20	   1964	  21248	   5300	stu2.elf
Finished building: default.size.stdout
 
Finished building: stu2.list
 
08:24:48 **** Incremental Build of configuration Debug for project stu2 ****
make -j8 all 
arm-none-eabi-gcc "../Core/Src/main.c" -mcpu=cortex-m4 -std=gnu11 -g3 -DDEBUG -DUSE_HAL_DRIVER -DSTM32G474xx -c -I../Core/Inc -I../Drivers/STM32G4xx_HAL_Driver/Inc -I../Drivers/STM32G4xx_HAL_Driver/Inc/Legacy -I../Drivers/CMSIS/Device/ST/STM32G4xx/Include -I../Drivers/CMSIS/Include -O0 -ffunction-sections -fdata-sections -Wall -fstack-usage -fcyclomatic-complexity -MMD -MP -MF"Core/Src/main.d" -MT"Core/Src/main.o" --specs=nano.specs -mfpu=fpv4-sp-d16 -mfloat-abi=hard -mthumb -o "Core/Src/main.o"
arm-none-eabi-gcc -o "stu2.elf" @"objects.list"   -mcpu=cortex-m4 -T"C:\Users\chayu\Documents\GitHub\stu2\stu2\STM32G474RETX_FLASH.ld" --specs=nosys.specs -Wl,-Map="stu2.map" -Wl,--gc-sections -static --specs=nano.specs -mfpu=fpv4-sp-d16 -mfloat-abi=hard -mthumb -Wl,--start-group -lc -lm -Wl,--end-group
Finished building target: stu2.elf
 
arm-none-eabi-size  stu2.elf 
arm-none-eabi-objdump -h -S stu2.elf  > "stu2.list"
   text	   data	    bss	    dec	    hex	filename
  19264	     20	   1964	  21248	   5300	stu2.elf
Finished building: default.size.stdout
 
Finished building: stu2.list
 
16:39:54 **** Incremental Build of configuration Debug for project stu2 ****
make -j8 all 
arm-none-eabi-gcc "../Core/Src/main.c" -mcpu=cortex-m4 -std=gnu11 -g3 -DDEBUG -DUSE_HAL_DRIVER -DSTM32G474xx -c -I../Core/Inc -I../Drivers/STM32G4xx_HAL_Driver/Inc -I../Drivers/STM32G4xx_HAL_Driver/Inc/Legacy -I../Drivers/CMSIS/Device/ST/STM32G4xx/Include -I../Drivers/CMSIS/Include -O0 -ffunction-sections -fdata-sections -Wall -fstack-usage -fcyclomatic-complexity -MMD -MP -MF"Core/Src/main.d" -MT"Core/Src/main.o" --specs=nano.specs -mfpu=fpv4-sp-d16 -mfloat-abi=hard -mthumb -o "Core/Src/main.o"
arm-none-eabi-gcc -o "stu2.elf" @"objects.list"   -mcpu=cortex-m4 -T"C:\Users\chayu\Documents\GitHub\stu2\stu2\STM32G474RETX_FLASH.ld" --specs=nosys.specs -Wl,-Map="stu2.map" -Wl,--gc-sections -static --specs=nano.specs -mfpu=fpv4-sp-d16 -mfloat-abi=hard -mthumb -Wl,--start-group -lc -lm -Wl,--end-group
Finished building target: stu2.elf
 
arm-none-eabi-size  stu2.elf 
arm-none-eabi-objdump -h -S stu2.elf  > "stu2.list"
   text	   data	    bss	    dec	    hex	filename
  19444	     20	   1964	  21428	   53b4	stu2.elf
Finished building: default.size.stdout
 
Finished building: stu2.list
 
16:42:44 **** Incremental Build of configuration Debug for project stu2 ****
make -j8 all 
arm-none-eabi-gcc "../Core/Src/main.c" -mcpu=cortex-m4 -std=gnu11 -g3 -DDEBUG -DUSE_HAL_DRIVER -DSTM32G474xx -c -I../Core/Inc -I../Drivers/STM32G4xx_HAL_Driver/Inc -I../Drivers/STM32G4xx_HAL_Driver/Inc/Legacy -I../Drivers/CMSIS/Device/ST/STM32G4xx/Include -I../Drivers/CMSIS/Include -O0 -ffunction-sections -fdata-sections -Wall -fstack-usage -fcyclomatic-complexity -MMD -MP -MF"Core/Src/main.d" -MT"Core/Src/main.o" --specs=nano.specs -mfpu=fpv4-sp-d16 -mfloat-abi=hard -mthumb -o "Core/Src/main.o"
arm-none-eabi-gcc -o "stu2.elf" @"objects.list"   -mcpu=cortex-m4 -T"C:\Users\chayu\Documents\GitHub\stu2\stu2\STM32G474RETX_FLASH.ld" --specs=nosys.specs -Wl,-Map="stu2.map" -Wl,--gc-sections -static --specs=nano.specs -mfpu=fpv4-sp-d16 -mfloat-abi=hard -mthumb -Wl,--start-group -lc -lm -Wl,--end-group
Finished building target: stu2.elf
 
arm-none-eabi-size  stu2.elf 
arm-none-eabi-objdump -h -S stu2.elf  > "stu2.list"
   text	   data	    bss	    dec	    hex	filename
  19444	     20	   1964	  21428	   53b4	stu2.elf
Finished building: default.size.stdout
 
Finished building: stu2.list
 
16:46:18 **** Incremental Build of configuration Debug for project stu2 ****
make -j8 all 
arm-none-eabi-gcc "../Core/Src/main.c" -mcpu=cortex-m4 -std=gnu11 -g3 -DDEBUG -DUSE_HAL_DRIVER -DSTM32G474xx -c -I../Core/Inc -I../Drivers/STM32G4xx_HAL_Driver/Inc -I../Drivers/STM32G4xx_HAL_Driver/Inc/Legacy -I../Drivers/CMSIS/Device/ST/STM32G4xx/Include -I../Drivers/CMSIS/Include -O0 -ffunction-sections -fdata-sections -Wall -fstack-usage -fcyclomatic-complexity -MMD -MP -MF"Core/Src/main.d" -MT"Core/Src/main.o" --specs=nano.specs -mfpu=fpv4-sp-d16 -mfloat-abi=hard -mthumb -o "Core/Src/main.o"
arm-none-eabi-gcc -o "stu2.elf" @"objects.list"   -mcpu=cortex-m4 -T"C:\Users\chayu\Documents\GitHub\stu2\stu2\STM32G474RETX_FLASH.ld" --specs=nosys.specs -Wl,-Map="stu2.map" -Wl,--gc-sections -static --specs=nano.specs -mfpu=fpv4-sp-d16 -mfloat-abi=hard -mthumb -Wl,--start-group -lc -lm -Wl,--end-group
Finished building target: stu2.elf
 
arm-none-eabi-size  stu2.elf 
arm-none-eabi-objdump -h -S stu2.elf  > "stu2.list"
   text	   data	    bss	    dec	    hex	filename
  19440	     20	   1964	  21424	   53b0	stu2.elf
Finished building: default.size.stdout
 
Finished building: stu2.list
 
16:46:41 **** Incremental Build of configuration Debug for project stu2 ****
make -j8 all 
arm-none-eabi-gcc "../Core/Src/main.c" -mcpu=cortex-m4 -std=gnu11 -g3 -DDEBUG -DUSE_HAL_DRIVER -DSTM32G474xx -c -I../Core/Inc -I../Drivers/STM32G4xx_HAL_Driver/Inc -I../Drivers/STM32G4xx_HAL_Driver/Inc/Legacy -I../Drivers/CMSIS/Device/ST/STM32G4xx/Include -I../Drivers/CMSIS/Include -O0 -ffunction-sections -fdata-sections -Wall -fstack-usage -fcyclomatic-complexity -MMD -MP -MF"Core/Src/main.d" -MT"Core/Src/main.o" --specs=nano.specs -mfpu=fpv4-sp-d16 -mfloat-abi=hard -mthumb -o "Core/Src/main.o"
arm-none-eabi-gcc -o "stu2.elf" @"objects.list"   -mcpu=cortex-m4 -T"C:\Users\chayu\Documents\GitHub\stu2\stu2\STM32G474RETX_FLASH.ld" --specs=nosys.specs -Wl,-Map="stu2.map" -Wl,--gc-sections -static --specs=nano.specs -mfpu=fpv4-sp-d16 -mfloat-abi=hard -mthumb -Wl,--start-group -lc -lm -Wl,--end-group
Finished building target: stu2.elf
 
arm-none-eabi-size  stu2.elf 
arm-none-eabi-objdump -h -S stu2.elf  > "stu2.list"
   text	   data	    bss	    dec	    hex	filename
  19352	     20	   1964	  21336	   5358	stu2.elf
Finished building: default.size.stdout
 
Finished building: stu2.list
 
16:48:16 **** Incremental Build of configuration Debug for project stu2 ****
make -j8 all 
arm-none-eabi-gcc "../Core/Src/main.c" -mcpu=cortex-m4 -std=gnu11 -g3 -DDEBUG -DUSE_HAL_DRIVER -DSTM32G474xx -c -I../Core/Inc -I../Drivers/STM32G4xx_HAL_Driver/Inc -I../Drivers/STM32G4xx_HAL_Driver/Inc/Legacy -I../Drivers/CMSIS/Device/ST/STM32G4xx/Include -I../Drivers/CMSIS/Include -O0 -ffunction-sections -fdata-sections -Wall -fstack-usage -fcyclomatic-complexity -MMD -MP -MF"Core/Src/main.d" -MT"Core/Src/main.o" --specs=nano.specs -mfpu=fpv4-sp-d16 -mfloat-abi=hard -mthumb -o "Core/Src/main.o"
arm-none-eabi-gcc -o "stu2.elf" @"objects.list"   -mcpu=cortex-m4 -T"C:\Users\chayu\Documents\GitHub\stu2\stu2\STM32G474RETX_FLASH.ld" --specs=nosys.specs -Wl,-Map="stu2.map" -Wl,--gc-sections -static --specs=nano.specs -mfpu=fpv4-sp-d16 -mfloat-abi=hard -mthumb -Wl,--start-group -lc -lm -Wl,--end-group
Finished building target: stu2.elf
 
arm-none-eabi-size  stu2.elf 
arm-none-eabi-objdump -h -S stu2.elf  > "stu2.list"
   text	   data	    bss	    dec	    hex	filename
  19332	     20	   1964	  21316	   5344	stu2.elf
Finished building: default.size.stdout
 
Finished building: stu2.list
 
16:48:55 **** Incremental Build of configuration Debug for project stu2 ****
make -j8 all 
arm-none-eabi-gcc "../Core/Src/main.c" -mcpu=cortex-m4 -std=gnu11 -g3 -DDEBUG -DUSE_HAL_DRIVER -DSTM32G474xx -c -I../Core/Inc -I../Drivers/STM32G4xx_HAL_Driver/Inc -I../Drivers/STM32G4xx_HAL_Driver/Inc/Legacy -I../Drivers/CMSIS/Device/ST/STM32G4xx/Include -I../Drivers/CMSIS/Include -O0 -ffunction-sections -fdata-sections -Wall -fstack-usage -fcyclomatic-complexity -MMD -MP -MF"Core/Src/main.d" -MT"Core/Src/main.o" --specs=nano.specs -mfpu=fpv4-sp-d16 -mfloat-abi=hard -mthumb -o "Core/Src/main.o"
arm-none-eabi-gcc -o "stu2.elf" @"objects.list"   -mcpu=cortex-m4 -T"C:\Users\chayu\Documents\GitHub\stu2\stu2\STM32G474RETX_FLASH.ld" --specs=nosys.specs -Wl,-Map="stu2.map" -Wl,--gc-sections -static --specs=nano.specs -mfpu=fpv4-sp-d16 -mfloat-abi=hard -mthumb -Wl,--start-group -lc -lm -Wl,--end-group
Finished building target: stu2.elf
 
arm-none-eabi-size  stu2.elf 
arm-none-eabi-objdump -h -S stu2.elf  > "stu2.list"
   text	   data	    bss	    dec	    hex	filename
  19332	     20	   1964	  21316	   5344	stu2.elf
Finished building: default.size.stdout
 
Finished building: stu2.list
 
16:49:33 **** Incremental Build of configuration Debug for project stu2 ****
make -j8 all 
arm-none-eabi-gcc "../Core/Src/main.c" -mcpu=cortex-m4 -std=gnu11 -g3 -DDEBUG -DUSE_HAL_DRIVER -DSTM32G474xx -c -I../Core/Inc -I../Drivers/STM32G4xx_HAL_Driver/Inc -I../Drivers/STM32G4xx_HAL_Driver/Inc/Legacy -I../Drivers/CMSIS/Device/ST/STM32G4xx/Include -I../Drivers/CMSIS/Include -O0 -ffunction-sections -fdata-sections -Wall -fstack-usage -fcyclomatic-complexity -MMD -MP -MF"Core/Src/main.d" -MT"Core/Src/main.o" --specs=nano.specs -mfpu=fpv4-sp-d16 -mfloat-abi=hard -mthumb -o "Core/Src/main.o"
arm-none-eabi-gcc -o "stu2.elf" @"objects.list"   -mcpu=cortex-m4 -T"C:\Users\chayu\Documents\GitHub\stu2\stu2\STM32G474RETX_FLASH.ld" --specs=nosys.specs -Wl,-Map="stu2.map" -Wl,--gc-sections -static --specs=nano.specs -mfpu=fpv4-sp-d16 -mfloat-abi=hard -mthumb -Wl,--start-group -lc -lm -Wl,--end-group
Finished building target: stu2.elf
 
arm-none-eabi-size  stu2.elf 
arm-none-eabi-objdump -h -S stu2.elf  > "stu2.list"
   text	   data	    bss	    dec	    hex	filename
  19332	     20	   1964	  21316	   5344	stu2.elf
Finished building: default.size.stdout
 
Finished building: stu2.list
 
16:50:12 **** Incremental Build of configuration Debug for project stu2 ****
make -j8 all 
arm-none-eabi-gcc "../Core/Src/main.c" -mcpu=cortex-m4 -std=gnu11 -g3 -DDEBUG -DUSE_HAL_DRIVER -DSTM32G474xx -c -I../Core/Inc -I../Drivers/STM32G4xx_HAL_Driver/Inc -I../Drivers/STM32G4xx_HAL_Driver/Inc/Legacy -I../Drivers/CMSIS/Device/ST/STM32G4xx/Include -I../Drivers/CMSIS/Include -O0 -ffunction-sections -fdata-sections -Wall -fstack-usage -fcyclomatic-complexity -MMD -MP -MF"Core/Src/main.d" -MT"Core/Src/main.o" --specs=nano.specs -mfpu=fpv4-sp-d16 -mfloat-abi=hard -mthumb -o "Core/Src/main.o"
arm-none-eabi-gcc -o "stu2.elf" @"objects.list"   -mcpu=cortex-m4 -T"C:\Users\chayu\Documents\GitHub\stu2\stu2\STM32G474RETX_FLASH.ld" --specs=nosys.specs -Wl,-Map="stu2.map" -Wl,--gc-sections -static --specs=nano.specs -mfpu=fpv4-sp-d16 -mfloat-abi=hard -mthumb -Wl,--start-group -lc -lm -Wl,--end-group
Finished building target: stu2.elf
 
arm-none-eabi-size  stu2.elf 
arm-none-eabi-objdump -h -S stu2.elf  > "stu2.list"
   text	   data	    bss	    dec	    hex	filename
  19332	     20	   1964	  21316	   5344	stu2.elf
Finished building: default.size.stdout
 
Finished building: stu2.list
 
16:53:01 **** Incremental Build of configuration Debug for project stu2 ****
make -j8 all 
arm-none-eabi-gcc "../Core/Src/main.c" -mcpu=cortex-m4 -std=gnu11 -g3 -DDEBUG -DUSE_HAL_DRIVER -DSTM32G474xx -c -I../Core/Inc -I../Drivers/STM32G4xx_HAL_Driver/Inc -I../Drivers/STM32G4xx_HAL_Driver/Inc/Legacy -I../Drivers/CMSIS/Device/ST/STM32G4xx/Include -I../Drivers/CMSIS/Include -O0 -ffunction-sections -fdata-sections -Wall -fstack-usage -fcyclomatic-complexity -MMD -MP -MF"Core/Src/main.d" -MT"Core/Src/main.o" --specs=nano.specs -mfpu=fpv4-sp-d16 -mfloat-abi=hard -mthumb -o "Core/Src/main.o"
arm-none-eabi-gcc -o "stu2.elf" @"objects.list"   -mcpu=cortex-m4 -T"C:\Users\chayu\Documents\GitHub\stu2\stu2\STM32G474RETX_FLASH.ld" --specs=nosys.specs -Wl,-Map="stu2.map" -Wl,--gc-sections -static --specs=nano.specs -mfpu=fpv4-sp-d16 -mfloat-abi=hard -mthumb -Wl,--start-group -lc -lm -Wl,--end-group
Finished building target: stu2.elf
 
arm-none-eabi-size  stu2.elf 
arm-none-eabi-objdump -h -S stu2.elf  > "stu2.list"
   text	   data	    bss	    dec	    hex	filename
  19332	     20	   1964	  21316	   5344	stu2.elf
Finished building: default.size.stdout
 
Finished building: stu2.list
 
16:56:20 **** Incremental Build of configuration Debug for project stu2 ****
make -j8 all 
arm-none-eabi-gcc "../Core/Src/main.c" -mcpu=cortex-m4 -std=gnu11 -g3 -DDEBUG -DUSE_HAL_DRIVER -DSTM32G474xx -c -I../Core/Inc -I../Drivers/STM32G4xx_HAL_Driver/Inc -I../Drivers/STM32G4xx_HAL_Driver/Inc/Legacy -I../Drivers/CMSIS/Device/ST/STM32G4xx/Include -I../Drivers/CMSIS/Include -O0 -ffunction-sections -fdata-sections -Wall -fstack-usage -fcyclomatic-complexity -MMD -MP -MF"Core/Src/main.d" -MT"Core/Src/main.o" --specs=nano.specs -mfpu=fpv4-sp-d16 -mfloat-abi=hard -mthumb -o "Core/Src/main.o"
arm-none-eabi-gcc -o "stu2.elf" @"objects.list"   -mcpu=cortex-m4 -T"C:\Users\chayu\Documents\GitHub\stu2\stu2\STM32G474RETX_FLASH.ld" --specs=nosys.specs -Wl,-Map="stu2.map" -Wl,--gc-sections -static --specs=nano.specs -mfpu=fpv4-sp-d16 -mfloat-abi=hard -mthumb -Wl,--start-group -lc -lm -Wl,--end-group
Finished building target: stu2.elf
 
arm-none-eabi-size  stu2.elf 
arm-none-eabi-objdump -h -S stu2.elf  > "stu2.list"
   text	   data	    bss	    dec	    hex	filename
  19344	     20	   1964	  21328	   5350	stu2.elf
Finished building: default.size.stdout
 
Finished building: stu2.list
 
16:56:40 **** Incremental Build of configuration Debug for project stu2 ****
make -j8 all 
arm-none-eabi-size  stu2.elf 
   text	   data	    bss	    dec	    hex	filename
  19344	     20	   1964	  21328	   5350	stu2.elf
Finished building: default.size.stdout
 
17:10:45 **** Incremental Build of configuration Debug for project stu2 ****
make -j8 all 
arm-none-eabi-gcc "../Core/Src/main.c" -mcpu=cortex-m4 -std=gnu11 -g3 -DDEBUG -DUSE_HAL_DRIVER -DSTM32G474xx -c -I../Core/Inc -I../Drivers/STM32G4xx_HAL_Driver/Inc -I../Drivers/STM32G4xx_HAL_Driver/Inc/Legacy -I../Drivers/CMSIS/Device/ST/STM32G4xx/Include -I../Drivers/CMSIS/Include -O0 -ffunction-sections -fdata-sections -Wall -fstack-usage -fcyclomatic-complexity -MMD -MP -MF"Core/Src/main.d" -MT"Core/Src/main.o" --specs=nano.specs -mfpu=fpv4-sp-d16 -mfloat-abi=hard -mthumb -o "Core/Src/main.o"
arm-none-eabi-gcc -o "stu2.elf" @"objects.list"   -mcpu=cortex-m4 -T"C:\Users\chayu\Documents\GitHub\stu2\stu2\STM32G474RETX_FLASH.ld" --specs=nosys.specs -Wl,-Map="stu2.map" -Wl,--gc-sections -static --specs=nano.specs -mfpu=fpv4-sp-d16 -mfloat-abi=hard -mthumb -Wl,--start-group -lc -lm -Wl,--end-group
Finished building target: stu2.elf
 
arm-none-eabi-size  stu2.elf 
arm-none-eabi-objdump -h -S stu2.elf  > "stu2.list"
   text	   data	    bss	    dec	    hex	filename
  19348	     20	   1964	  21332	   5354	stu2.elf
Finished building: default.size.stdout
 
Finished building: stu2.list
 
17:35:15 **** Incremental Build of configuration Debug for project stu2 ****
make -j8 all 
arm-none-eabi-gcc "../Core/Src/main.c" -mcpu=cortex-m4 -std=gnu11 -g3 -DDEBUG -DUSE_HAL_DRIVER -DSTM32G474xx -c -I../Core/Inc -I../Drivers/STM32G4xx_HAL_Driver/Inc -I../Drivers/STM32G4xx_HAL_Driver/Inc/Legacy -I../Drivers/CMSIS/Device/ST/STM32G4xx/Include -I../Drivers/CMSIS/Include -O0 -ffunction-sections -fdata-sections -Wall -fstack-usage -fcyclomatic-complexity -MMD -MP -MF"Core/Src/main.d" -MT"Core/Src/main.o" --specs=nano.specs -mfpu=fpv4-sp-d16 -mfloat-abi=hard -mthumb -o "Core/Src/main.o"
arm-none-eabi-gcc -o "stu2.elf" @"objects.list"   -mcpu=cortex-m4 -T"C:\Users\chayu\Documents\GitHub\stu2\stu2\STM32G474RETX_FLASH.ld" --specs=nosys.specs -Wl,-Map="stu2.map" -Wl,--gc-sections -static --specs=nano.specs -mfpu=fpv4-sp-d16 -mfloat-abi=hard -mthumb -Wl,--start-group -lc -lm -Wl,--end-group
Finished building target: stu2.elf
 
arm-none-eabi-size  stu2.elf 
arm-none-eabi-objdump -h -S stu2.elf  > "stu2.list"
   text	   data	    bss	    dec	    hex	filename
  19344	     20	   1964	  21328	   5350	stu2.elf
Finished building: default.size.stdout
 
Finished building: stu2.list
 
17:41:16 **** Incremental Build of configuration Debug for project stu2 ****
make -j8 all 
arm-none-eabi-gcc "../Core/Src/main.c" -mcpu=cortex-m4 -std=gnu11 -g3 -DDEBUG -DUSE_HAL_DRIVER -DSTM32G474xx -c -I../Core/Inc -I../Drivers/STM32G4xx_HAL_Driver/Inc -I../Drivers/STM32G4xx_HAL_Driver/Inc/Legacy -I../Drivers/CMSIS/Device/ST/STM32G4xx/Include -I../Drivers/CMSIS/Include -O0 -ffunction-sections -fdata-sections -Wall -fstack-usage -fcyclomatic-complexity -MMD -MP -MF"Core/Src/main.d" -MT"Core/Src/main.o" --specs=nano.specs -mfpu=fpv4-sp-d16 -mfloat-abi=hard -mthumb -o "Core/Src/main.o"
arm-none-eabi-gcc -o "stu2.elf" @"objects.list"   -mcpu=cortex-m4 -T"C:\Users\chayu\Documents\GitHub\stu2\stu2\STM32G474RETX_FLASH.ld" --specs=nosys.specs -Wl,-Map="stu2.map" -Wl,--gc-sections -static --specs=nano.specs -mfpu=fpv4-sp-d16 -mfloat-abi=hard -mthumb -Wl,--start-group -lc -lm -Wl,--end-group
Finished building target: stu2.elf
 
arm-none-eabi-size  stu2.elf 
arm-none-eabi-objdump -h -S stu2.elf  > "stu2.list"
   text	   data	    bss	    dec	    hex	filename
  19344	     20	   1964	  21328	   5350	stu2.elf
Finished building: default.size.stdout
 
Finished building: stu2.list
 
17:43:11 **** Incremental Build of configuration Debug for project stu2 ****
make -j8 all 
arm-none-eabi-gcc "../Core/Src/main.c" -mcpu=cortex-m4 -std=gnu11 -g3 -DDEBUG -DUSE_HAL_DRIVER -DSTM32G474xx -c -I../Core/Inc -I../Drivers/STM32G4xx_HAL_Driver/Inc -I../Drivers/STM32G4xx_HAL_Driver/Inc/Legacy -I../Drivers/CMSIS/Device/ST/STM32G4xx/Include -I../Drivers/CMSIS/Include -O0 -ffunction-sections -fdata-sections -Wall -fstack-usage -fcyclomatic-complexity -MMD -MP -MF"Core/Src/main.d" -MT"Core/Src/main.o" --specs=nano.specs -mfpu=fpv4-sp-d16 -mfloat-abi=hard -mthumb -o "Core/Src/main.o"
arm-none-eabi-gcc -o "stu2.elf" @"objects.list"   -mcpu=cortex-m4 -T"C:\Users\chayu\Documents\GitHub\stu2\stu2\STM32G474RETX_FLASH.ld" --specs=nosys.specs -Wl,-Map="stu2.map" -Wl,--gc-sections -static --specs=nano.specs -mfpu=fpv4-sp-d16 -mfloat-abi=hard -mthumb -Wl,--start-group -lc -lm -Wl,--end-group
Finished building target: stu2.elf
 
arm-none-eabi-size  stu2.elf 
arm-none-eabi-objdump -h -S stu2.elf  > "stu2.list"
   text	   data	    bss	    dec	    hex	filename
  19344	     20	   1964	  21328	   5350	stu2.elf
Finished building: default.size.stdout
 
Finished building: stu2.list
 
17:46:54 **** Incremental Build of configuration Debug for project stu2 ****
make -j8 all 
arm-none-eabi-gcc "../Core/Src/main.c" -mcpu=cortex-m4 -std=gnu11 -g3 -DDEBUG -DUSE_HAL_DRIVER -DSTM32G474xx -c -I../Core/Inc -I../Drivers/STM32G4xx_HAL_Driver/Inc -I../Drivers/STM32G4xx_HAL_Driver/Inc/Legacy -I../Drivers/CMSIS/Device/ST/STM32G4xx/Include -I../Drivers/CMSIS/Include -O0 -ffunction-sections -fdata-sections -Wall -fstack-usage -fcyclomatic-complexity -MMD -MP -MF"Core/Src/main.d" -MT"Core/Src/main.o" --specs=nano.specs -mfpu=fpv4-sp-d16 -mfloat-abi=hard -mthumb -o "Core/Src/main.o"
arm-none-eabi-gcc -o "stu2.elf" @"objects.list"   -mcpu=cortex-m4 -T"C:\Users\chayu\Documents\GitHub\stu2\stu2\STM32G474RETX_FLASH.ld" --specs=nosys.specs -Wl,-Map="stu2.map" -Wl,--gc-sections -static --specs=nano.specs -mfpu=fpv4-sp-d16 -mfloat-abi=hard -mthumb -Wl,--start-group -lc -lm -Wl,--end-group
Finished building target: stu2.elf
 
arm-none-eabi-size  stu2.elf 
arm-none-eabi-objdump -h -S stu2.elf  > "stu2.list"
   text	   data	    bss	    dec	    hex	filename
  19340	     20	   1964	  21324	   534c	stu2.elf
Finished building: default.size.stdout
 
Finished building: stu2.list
 
17:49:31 **** Incremental Build of configuration Debug for project stu2 ****
make -j8 all 
arm-none-eabi-gcc "../Core/Src/main.c" -mcpu=cortex-m4 -std=gnu11 -g3 -DDEBUG -DUSE_HAL_DRIVER -DSTM32G474xx -c -I../Core/Inc -I../Drivers/STM32G4xx_HAL_Driver/Inc -I../Drivers/STM32G4xx_HAL_Driver/Inc/Legacy -I../Drivers/CMSIS/Device/ST/STM32G4xx/Include -I../Drivers/CMSIS/Include -O0 -ffunction-sections -fdata-sections -Wall -fstack-usage -fcyclomatic-complexity -MMD -MP -MF"Core/Src/main.d" -MT"Core/Src/main.o" --specs=nano.specs -mfpu=fpv4-sp-d16 -mfloat-abi=hard -mthumb -o "Core/Src/main.o"
arm-none-eabi-gcc -o "stu2.elf" @"objects.list"   -mcpu=cortex-m4 -T"C:\Users\chayu\Documents\GitHub\stu2\stu2\STM32G474RETX_FLASH.ld" --specs=nosys.specs -Wl,-Map="stu2.map" -Wl,--gc-sections -static --specs=nano.specs -mfpu=fpv4-sp-d16 -mfloat-abi=hard -mthumb -Wl,--start-group -lc -lm -Wl,--end-group
Finished building target: stu2.elf
 
arm-none-eabi-size  stu2.elf 
arm-none-eabi-objdump -h -S stu2.elf  > "stu2.list"
   text	   data	    bss	    dec	    hex	filename
  19340	     20	   1964	  21324	   534c	stu2.elf
Finished building: default.size.stdout
 
Finished building: stu2.list
 
19:46:21 **** Incremental Build of configuration Debug for project stu2 ****
make -j8 all 
arm-none-eabi-gcc "../Core/Src/main.c" -mcpu=cortex-m4 -std=gnu11 -g3 -DDEBUG -DUSE_HAL_DRIVER -DSTM32G474xx -c -I../Core/Inc -I../Drivers/STM32G4xx_HAL_Driver/Inc -I../Drivers/STM32G4xx_HAL_Driver/Inc/Legacy -I../Drivers/CMSIS/Device/ST/STM32G4xx/Include -I../Drivers/CMSIS/Include -O0 -ffunction-sections -fdata-sections -Wall -fstack-usage -fcyclomatic-complexity -MMD -MP -MF"Core/Src/main.d" -MT"Core/Src/main.o" --specs=nano.specs -mfpu=fpv4-sp-d16 -mfloat-abi=hard -mthumb -o "Core/Src/main.o"
../Core/Src/main.c: In function 'main':
../Core/Src/main.c:132:69: error: lvalue required as left operand of assignment
  132 |           else if(set_pos = pos + 1 || set_pos = pos - 1 || set_pos = pos)
      |                                                                     ^
make: *** [Core/Src/subdir.mk:34: Core/Src/main.o] Error 1
"make -j8 all" terminated with exit code 2. Build might be incomplete.
19:48:00 **** Incremental Build of configuration Debug for project stu2 ****
make -j8 all 
arm-none-eabi-gcc "../Core/Src/main.c" -mcpu=cortex-m4 -std=gnu11 -g3 -DDEBUG -DUSE_HAL_DRIVER -DSTM32G474xx -c -I../Core/Inc -I../Drivers/STM32G4xx_HAL_Driver/Inc -I../Drivers/STM32G4xx_HAL_Driver/Inc/Legacy -I../Drivers/CMSIS/Device/ST/STM32G4xx/Include -I../Drivers/CMSIS/Include -O0 -ffunction-sections -fdata-sections -Wall -fstack-usage -fcyclomatic-complexity -MMD -MP -MF"Core/Src/main.d" -MT"Core/Src/main.o" --specs=nano.specs -mfpu=fpv4-sp-d16 -mfloat-abi=hard -mthumb -o "Core/Src/main.o"
arm-none-eabi-gcc -o "stu2.elf" @"objects.list"   -mcpu=cortex-m4 -T"C:\Users\chayu\Documents\GitHub\stu2\stu2\STM32G474RETX_FLASH.ld" --specs=nosys.specs -Wl,-Map="stu2.map" -Wl,--gc-sections -static --specs=nano.specs -mfpu=fpv4-sp-d16 -mfloat-abi=hard -mthumb -Wl,--start-group -lc -lm -Wl,--end-group
Finished building target: stu2.elf
 
arm-none-eabi-size  stu2.elf 
arm-none-eabi-objdump -h -S stu2.elf  > "stu2.list"
   text	   data	    bss	    dec	    hex	filename
  19400	     20	   1964	  21384	   5388	stu2.elf
Finished building: default.size.stdout
 
Finished building: stu2.list
 
19:48:50 **** Incremental Build of configuration Debug for project stu2 ****
make -j8 all 
arm-none-eabi-gcc "../Core/Src/main.c" -mcpu=cortex-m4 -std=gnu11 -g3 -DDEBUG -DUSE_HAL_DRIVER -DSTM32G474xx -c -I../Core/Inc -I../Drivers/STM32G4xx_HAL_Driver/Inc -I../Drivers/STM32G4xx_HAL_Driver/Inc/Legacy -I../Drivers/CMSIS/Device/ST/STM32G4xx/Include -I../Drivers/CMSIS/Include -O0 -ffunction-sections -fdata-sections -Wall -fstack-usage -fcyclomatic-complexity -MMD -MP -MF"Core/Src/main.d" -MT"Core/Src/main.o" --specs=nano.specs -mfpu=fpv4-sp-d16 -mfloat-abi=hard -mthumb -o "Core/Src/main.o"
arm-none-eabi-gcc -o "stu2.elf" @"objects.list"   -mcpu=cortex-m4 -T"C:\Users\chayu\Documents\GitHub\stu2\stu2\STM32G474RETX_FLASH.ld" --specs=nosys.specs -Wl,-Map="stu2.map" -Wl,--gc-sections -static --specs=nano.specs -mfpu=fpv4-sp-d16 -mfloat-abi=hard -mthumb -Wl,--start-group -lc -lm -Wl,--end-group
Finished building target: stu2.elf
 
arm-none-eabi-size  stu2.elf 
arm-none-eabi-objdump -h -S stu2.elf  > "stu2.list"
   text	   data	    bss	    dec	    hex	filename
  19400	     20	   1964	  21384	   5388	stu2.elf
Finished building: default.size.stdout
 
Finished building: stu2.list
 
20:14:19 **** Incremental Build of configuration Debug for project stu2 ****
make -j8 all 
[...]
arm-none-eabi-gcc -o "stu2.elf" @"objects.list"   -mcpu=cortex-m4 -T"C:\Users\chayu\Documents\GitHub\stu2\stu2\STM32G474RETX_FLASH.ld" --specs=nosys.specs -Wl,-Map="stu2.map" -Wl,--gc-sections -static --specs=nano.specs -mfpu=fpv4-sp-d16 -mfloat-abi=hard -mthumb -Wl,--start-group -lc -lm -Wl,--end-group
Finished building target: stu2.elf
 
arm-none-eabi-size  stu2.elf 
arm-none-eabi-objdump -h -S stu2.elf  > "stu2.list"
   text	   data	    bss	    dec	    hex	filename
  19740	     20	   2004	  21764	   5504	stu2.elf
Finished building: default.size.stdout
 
Finished building: stu2.list
 
17:38:11 **** Incremental Build of configuration Debug for project stu2 ****
make -j8 all 
arm-none-eabi-gcc "../Core/Src/main.c" -mcpu=cortex-m4 -std=gnu11 -g3 -DDEBUG -DUSE_HAL_DRIVER -DSTM32G474xx -c -I../Core/Inc -I../Drivers/STM32G4xx_HAL_Driver/Inc -I../Drivers/STM32G4xx_HAL_Driver/Inc/Legacy -I../Drivers/CMSIS/Device/ST/STM32G4xx/Include -I../Drivers/CMSIS/Include -I../Middlewares/Third_Party/ARM_CMSIS/CMSIS/Core/Include/ -I../Middlewares/Third_Party/ARM_CMSIS/CMSIS/Core_A/Include/ -I../Middlewares/Third_Party/ARM_CMSIS/PrivateInclude/ -I../Middlewares/Third_Party/ARM_CMSIS/Include/ -I../Middlewares/Third_Party/ARM_CMSIS/Include -I"C:/Users/chayu/Documents/GitHub/stu2/stu2/Source/BasicMathFunctions" -I"C:/Users/chayu/Documents/GitHub/stu2/stu2/Source/BayesFunctions" -I"C:/Users/chayu/Documents/GitHub/stu2/stu2/Source/CommonTables" -I"C:/Users/chayu/Documents/GitHub/stu2/stu2/Source/ComplexMathFunctions" -I"C:/Users/chayu/Documents/GitHub/stu2/stu2/Source/ControllerFunctions" -I"C:/Users/chayu/Documents/GitHub/stu2/stu2/Source/DistanceFunctions" -I"C:/Users/chayu/Documents/GitHub/stu2/stu2/Source/FastMathFunctions" -I"C:/Users/chayu/Documents/GitHub/stu2/stu2/Source/FilteringFunctions" -I"C:/Users/chayu/Documents/GitHub/stu2/stu2/Source/InterpolationFunctions" -I"C:/Users/chayu/Documents/GitHub/stu2/stu2/Source/MatrixFunctions" -I"C:/Users/chayu/Documents/GitHub/stu2/stu2/Source/QuaternionMathFunctions" -I"C:/Users/chayu/Documents/GitHub/stu2/stu2/Source/StatisticsFunctions" -I"C:/Users/chayu/Documents/GitHub/stu2/stu2/Source/SupportFunctions" -I"C:/Users/chayu/Documents/GitHub/stu2/stu2/Source/SVMFunctions" -I"C:/Users/chayu/Documents/GitHub/stu2/stu2/Source/TransformFunctions" -I"C:/Users/chayu/Documents/GitHub/stu2/stu2/Source/WindowFunctions" -O0 -ffunction-sections -fdata-sections -Wall -fstack-usage -fcyclomatic-complexity -MMD -MP -MF"Core/Src/main.d" -MT"Core/Src/main.o" --specs=nano.specs -mfpu=fpv4-sp-d16 -mfloat-abi=hard -mthumb -o "Core/Src/main.o"
arm-none-eabi-gcc -o "stu2.elf" @"objects.list"   -mcpu=cortex-m4 -T"C:\Users\chayu\Documents\GitHub\stu2\stu2\STM32G474RETX_FLASH.ld" --specs=nosys.specs -Wl,-Map="stu2.map" -Wl,--gc-sections -static --specs=nano.specs -mfpu=fpv4-sp-d16 -mfloat-abi=hard -mthumb -Wl,--start-group -lc -lm -Wl,--end-group
Finished building target: stu2.elf
 
arm-none-eabi-size  stu2.elf 
arm-none-eabi-objdump -h -S stu2.elf  > "stu2.list"
   text	   data	    bss	    dec	    hex	filename
  19740	     20	   2004	  21764	   5504	stu2.elf
Finished building: default.size.stdout
 
Finished building: stu2.list
 
17:46:53 **** Incremental Build of configuration Debug for project stu2 ****
make -j8 all 
arm-none-eabi-gcc "../Core/Src/main.c" -mcpu=cortex-m4 -std=gnu11 -g3 -DDEBUG -DUSE_HAL_DRIVER -DSTM32G474xx -c -I../Core/Inc -I../Drivers/STM32G4xx_HAL_Driver/Inc -I../Drivers/STM32G4xx_HAL_Driver/Inc/Legacy -I../Drivers/CMSIS/Device/ST/STM32G4xx/Include -I../Drivers/CMSIS/Include -I../Middlewares/Third_Party/ARM_CMSIS/CMSIS/Core/Include/ -I../Middlewares/Third_Party/ARM_CMSIS/CMSIS/Core_A/Include/ -I../Middlewares/Third_Party/ARM_CMSIS/PrivateInclude/ -I../Middlewares/Third_Party/ARM_CMSIS/Include/ -I../Middlewares/Third_Party/ARM_CMSIS/Include -I"C:/Users/chayu/Documents/GitHub/stu2/stu2/Source/BasicMathFunctions" -I"C:/Users/chayu/Documents/GitHub/stu2/stu2/Source/BayesFunctions" -I"C:/Users/chayu/Documents/GitHub/stu2/stu2/Source/CommonTables" -I"C:/Users/chayu/Documents/GitHub/stu2/stu2/Source/ComplexMathFunctions" -I"C:/Users/chayu/Documents/GitHub/stu2/stu2/Source/ControllerFunctions" -I"C:/Users/chayu/Documents/GitHub/stu2/stu2/Source/DistanceFunctions" -I"C:/Users/chayu/Documents/GitHub/stu2/stu2/Source/FastMathFunctions" -I"C:/Users/chayu/Documents/GitHub/stu2/stu2/Source/FilteringFunctions" -I"C:/Users/chayu/Documents/GitHub/stu2/stu2/Source/InterpolationFunctions" -I"C:/Users/chayu/Documents/GitHub/stu2/stu2/Source/MatrixFunctions" -I"C:/Users/chayu/Documents/GitHub/stu2/stu2/Source/QuaternionMathFunctions" -I"C:/Users/chayu/Documents/GitHub/stu2/stu2/Source/StatisticsFunctions" -I"C:/Users/chayu/Documents/GitHub/stu2/stu2/Source/SupportFunctions" -I"C:/Users/chayu/Documents/GitHub/stu2/stu2/Source/SVMFunctions" -I"C:/Users/chayu/Documents/GitHub/stu2/stu2/Source/TransformFunctions" -I"C:/Users/chayu/Documents/GitHub/stu2/stu2/Source/WindowFunctions" -O0 -ffunction-sections -fdata-sections -Wall -fstack-usage -fcyclomatic-complexity -MMD -MP -MF"Core/Src/main.d" -MT"Core/Src/main.o" --specs=nano.specs -mfpu=fpv4-sp-d16 -mfloat-abi=hard -mthumb -o "Core/Src/main.o"
arm-none-eabi-gcc -o "stu2.elf" @"objects.list"   -mcpu=cortex-m4 -T"C:\Users\chayu\Documents\GitHub\stu2\stu2\STM32G474RETX_FLASH.ld" --specs=nosys.specs -Wl,-Map="stu2.map" -Wl,--gc-sections -static --specs=nano.specs -mfpu=fpv4-sp-d16 -mfloat-abi=hard -mthumb -Wl,--start-group -lc -lm -Wl,--end-group
Finished building target: stu2.elf
 
arm-none-eabi-size  stu2.elf 
arm-none-eabi-objdump -h -S stu2.elf  > "stu2.list"
   text	   data	    bss	    dec	    hex	filename
  19784	     20	   2004	  21808	   5530	stu2.elf
Finished building: default.size.stdout
 
Finished building: stu2.list
 
17:51:30 **** Incremental Build of configuration Debug for project stu2 ****
make -j8 all 
arm-none-eabi-gcc "../Core/Src/main.c" -mcpu=cortex-m4 -std=gnu11 -g3 -DDEBUG -DUSE_HAL_DRIVER -DSTM32G474xx -c -I../Core/Inc -I../Drivers/STM32G4xx_HAL_Driver/Inc -I../Drivers/STM32G4xx_HAL_Driver/Inc/Legacy -I../Drivers/CMSIS/Device/ST/STM32G4xx/Include -I../Drivers/CMSIS/Include -I../Middlewares/Third_Party/ARM_CMSIS/CMSIS/Core/Include/ -I../Middlewares/Third_Party/ARM_CMSIS/CMSIS/Core_A/Include/ -I../Middlewares/Third_Party/ARM_CMSIS/PrivateInclude/ -I../Middlewares/Third_Party/ARM_CMSIS/Include/ -I../Middlewares/Third_Party/ARM_CMSIS/Include -I"C:/Users/chayu/Documents/GitHub/stu2/stu2/Source/BasicMathFunctions" -I"C:/Users/chayu/Documents/GitHub/stu2/stu2/Source/BayesFunctions" -I"C:/Users/chayu/Documents/GitHub/stu2/stu2/Source/CommonTables" -I"C:/Users/chayu/Documents/GitHub/stu2/stu2/Source/ComplexMathFunctions" -I"C:/Users/chayu/Documents/GitHub/stu2/stu2/Source/ControllerFunctions" -I"C:/Users/chayu/Documents/GitHub/stu2/stu2/Source/DistanceFunctions" -I"C:/Users/chayu/Documents/GitHub/stu2/stu2/Source/FastMathFunctions" -I"C:/Users/chayu/Documents/GitHub/stu2/stu2/Source/FilteringFunctions" -I"C:/Users/chayu/Documents/GitHub/stu2/stu2/Source/InterpolationFunctions" -I"C:/Users/chayu/Documents/GitHub/stu2/stu2/Source/MatrixFunctions" -I"C:/Users/chayu/Documents/GitHub/stu2/stu2/Source/QuaternionMathFunctions" -I"C:/Users/chayu/Documents/GitHub/stu2/stu2/Source/StatisticsFunctions" -I"C:/Users/chayu/Documents/GitHub/stu2/stu2/Source/SupportFunctions" -I"C:/Users/chayu/Documents/GitHub/stu2/stu2/Source/SVMFunctions" -I"C:/Users/chayu/Documents/GitHub/stu2/stu2/Source/TransformFunctions" -I"C:/Users/chayu/Documents/GitHub/stu2/stu2/Source/WindowFunctions" -O0 -ffunction-sections -fdata-sections -Wall -fstack-usage -fcyclomatic-complexity -MMD -MP -MF"Core/Src/main.d" -MT"Core/Src/main.o" --specs=nano.specs -mfpu=fpv4-sp-d16 -mfloat-abi=hard -mthumb -o "Core/Src/main.o"
arm-none-eabi-gcc -o "stu2.elf" @"objects.list"   -mcpu=cortex-m4 -T"C:\Users\chayu\Documents\GitHub\stu2\stu2\STM32G474RETX_FLASH.ld" --specs=nosys.specs -Wl,-Map="stu2.map" -Wl,--gc-sections -static --specs=nano.specs -mfpu=fpv4-sp-d16 -mfloat-abi=hard -mthumb -Wl,--start-group -lc -lm -Wl,--end-group
Finished building target: stu2.elf
 
arm-none-eabi-size  stu2.elf 
arm-none-eabi-objdump -h -S stu2.elf  > "stu2.list"
   text	   data	    bss	    dec	    hex	filename
  19764	     20	   2004	  21788	   551c	stu2.elf
Finished building: default.size.stdout
 
Finished building: stu2.list
 
17:55:59 **** Incremental Build of configuration Debug for project stu2 ****
make -j8 all 
arm-none-eabi-size  stu2.elf 
   text	   data	    bss	    dec	    hex	filename
  19764	     20	   2004	  21788	   551c	stu2.elf
Finished building: default.size.stdout
 
17:57:11 **** Incremental Build of configuration Debug for project stu2 ****
make -j8 all 
arm-none-eabi-size  stu2.elf 
   text	   data	    bss	    dec	    hex	filename
  19764	     20	   2004	  21788	   551c	stu2.elf
Finished building: default.size.stdout
 
18:16:09 **** Incremental Build of configuration Debug for project stu2 ****
make -j8 all 
arm-none-eabi-gcc "../Core/Src/main.c" -mcpu=cortex-m4 -std=gnu11 -g3 -DDEBUG -DUSE_HAL_DRIVER -DSTM32G474xx -c -I../Core/Inc -I../Drivers/STM32G4xx_HAL_Driver/Inc -I../Drivers/STM32G4xx_HAL_Driver/Inc/Legacy -I../Drivers/CMSIS/Device/ST/STM32G4xx/Include -I../Drivers/CMSIS/Include -I../Middlewares/Third_Party/ARM_CMSIS/CMSIS/Core/Include/ -I../Middlewares/Third_Party/ARM_CMSIS/CMSIS/Core_A/Include/ -I../Middlewares/Third_Party/ARM_CMSIS/PrivateInclude/ -I../Middlewares/Third_Party/ARM_CMSIS/Include/ -I../Middlewares/Third_Party/ARM_CMSIS/Include -I"C:/Users/chayu/Documents/GitHub/stu2/stu2/Source/BasicMathFunctions" -I"C:/Users/chayu/Documents/GitHub/stu2/stu2/Source/BayesFunctions" -I"C:/Users/chayu/Documents/GitHub/stu2/stu2/Source/CommonTables" -I"C:/Users/chayu/Documents/GitHub/stu2/stu2/Source/ComplexMathFunctions" -I"C:/Users/chayu/Documents/GitHub/stu2/stu2/Source/ControllerFunctions" -I"C:/Users/chayu/Documents/GitHub/stu2/stu2/Source/DistanceFunctions" -I"C:/Users/chayu/Documents/GitHub/stu2/stu2/Source/FastMathFunctions" -I"C:/Users/chayu/Documents/GitHub/stu2/stu2/Source/FilteringFunctions" -I"C:/Users/chayu/Documents/GitHub/stu2/stu2/Source/InterpolationFunctions" -I"C:/Users/chayu/Documents/GitHub/stu2/stu2/Source/MatrixFunctions" -I"C:/Users/chayu/Documents/GitHub/stu2/stu2/Source/QuaternionMathFunctions" -I"C:/Users/chayu/Documents/GitHub/stu2/stu2/Source/StatisticsFunctions" -I"C:/Users/chayu/Documents/GitHub/stu2/stu2/Source/SupportFunctions" -I"C:/Users/chayu/Documents/GitHub/stu2/stu2/Source/SVMFunctions" -I"C:/Users/chayu/Documents/GitHub/stu2/stu2/Source/TransformFunctions" -I"C:/Users/chayu/Documents/GitHub/stu2/stu2/Source/WindowFunctions" -O0 -ffunction-sections -fdata-sections -Wall -fstack-usage -fcyclomatic-complexity -MMD -MP -MF"Core/Src/main.d" -MT"Core/Src/main.o" --specs=nano.specs -mfpu=fpv4-sp-d16 -mfloat-abi=hard -mthumb -o "Core/Src/main.o"
arm-none-eabi-gcc -o "stu2.elf" @"objects.list"   -mcpu=cortex-m4 -T"C:\Users\chayu\Documents\GitHub\stu2\stu2\STM32G474RETX_FLASH.ld" --specs=nosys.specs -Wl,-Map="stu2.map" -Wl,--gc-sections -static --specs=nano.specs -mfpu=fpv4-sp-d16 -mfloat-abi=hard -mthumb -Wl,--start-group -lc -lm -Wl,--end-group
Finished building target: stu2.elf
 
arm-none-eabi-size  stu2.elf 
arm-none-eabi-objdump -h -S stu2.elf  > "stu2.list"
   text	   data	    bss	    dec	    hex	filename
  19728	     20	   2004	  21752	   54f8	stu2.elf
Finished building: default.size.stdout
 
Finished building: stu2.list
 
18:34:10 **** Incremental Build of configuration Debug for project stu2 ****
make -j8 all 
arm-none-eabi-size  stu2.elf 
   text	   data	    bss	    dec	    hex	filename
  19728	     20	   2004	  21752	   54f8	stu2.elf
Finished building: default.size.stdout
 
18:36:00 **** Incremental Build of configuration Debug for project stu2 ****
make -j8 all 
arm-none-eabi-gcc "../Core/Src/main.c" -mcpu=cortex-m4 -std=gnu11 -g3 -DDEBUG -DUSE_HAL_DRIVER -DSTM32G474xx -c -I../Core/Inc -I../Drivers/STM32G4xx_HAL_Driver/Inc -I../Drivers/STM32G4xx_HAL_Driver/Inc/Legacy -I../Drivers/CMSIS/Device/ST/STM32G4xx/Include -I../Drivers/CMSIS/Include -I../Middlewares/Third_Party/ARM_CMSIS/CMSIS/Core/Include/ -I../Middlewares/Third_Party/ARM_CMSIS/CMSIS/Core_A/Include/ -I../Middlewares/Third_Party/ARM_CMSIS/PrivateInclude/ -I../Middlewares/Third_Party/ARM_CMSIS/Include/ -I../Middlewares/Third_Party/ARM_CMSIS/Include -I"C:/Users/chayu/Documents/GitHub/stu2/stu2/Source/BasicMathFunctions" -I"C:/Users/chayu/Documents/GitHub/stu2/stu2/Source/BayesFunctions" -I"C:/Users/chayu/Documents/GitHub/stu2/stu2/Source/CommonTables" -I"C:/Users/chayu/Documents/GitHub/stu2/stu2/Source/ComplexMathFunctions" -I"C:/Users/chayu/Documents/GitHub/stu2/stu2/Source/ControllerFunctions" -I"C:/Users/chayu/Documents/GitHub/stu2/stu2/Source/DistanceFunctions" -I"C:/Users/chayu/Documents/GitHub/stu2/stu2/Source/FastMathFunctions" -I"C:/Users/chayu/Documents/GitHub/stu2/stu2/Source/FilteringFunctions" -I"C:/Users/chayu/Documents/GitHub/stu2/stu2/Source/InterpolationFunctions" -I"C:/Users/chayu/Documents/GitHub/stu2/stu2/Source/MatrixFunctions" -I"C:/Users/chayu/Documents/GitHub/stu2/stu2/Source/QuaternionMathFunctions" -I"C:/Users/chayu/Documents/GitHub/stu2/stu2/Source/StatisticsFunctions" -I"C:/Users/chayu/Documents/GitHub/stu2/stu2/Source/SupportFunctions" -I"C:/Users/chayu/Documents/GitHub/stu2/stu2/Source/SVMFunctions" -I"C:/Users/chayu/Documents/GitHub/stu2/stu2/Source/TransformFunctions" -I"C:/Users/chayu/Documents/GitHub/stu2/stu2/Source/WindowFunctions" -O0 -ffunction-sections -fdata-sections -Wall -fstack-usage -fcyclomatic-complexity -MMD -MP -MF"Core/Src/main.d" -MT"Core/Src/main.o" --specs=nano.specs -mfpu=fpv4-sp-d16 -mfloat-abi=hard -mthumb -o "Core/Src/main.o"
arm-none-eabi-gcc -o "stu2.elf" @"objects.list"   -mcpu=cortex-m4 -T"C:\Users\chayu\Documents\GitHub\stu2\stu2\STM32G474RETX_FLASH.ld" --specs=nosys.specs -Wl,-Map="stu2.map" -Wl,--gc-sections -static --specs=nano.specs -mfpu=fpv4-sp-d16 -mfloat-abi=hard -mthumb -Wl,--start-group -lc -lm -Wl,--end-group
Finished building target: stu2.elf
 
arm-none-eabi-size  stu2.elf 
arm-none-eabi-objdump -h -S stu2.elf  > "stu2.list"
   text	   data	    bss	    dec	    hex	filename
  19756	     20	   2012	  21788	   551c	stu2.elf
Finished building: default.size.stdout
 
Finished building: stu2.list
 
18:38:05 **** Incremental Build of configuration Debug for project stu2 ****
make -j8 all 
arm-none-eabi-gcc "../Core/Src/main.c" -mcpu=cortex-m4 -std=gnu11 -g3 -DDEBUG -DUSE_HAL_DRIVER -DSTM32G474xx -c -I../Core/Inc -I../Drivers/STM32G4xx_HAL_Driver/Inc -I../Drivers/STM32G4xx_HAL_Driver/Inc/Legacy -I../Drivers/CMSIS/Device/ST/STM32G4xx/Include -I../Drivers/CMSIS/Include -I../Middlewares/Third_Party/ARM_CMSIS/CMSIS/Core/Include/ -I../Middlewares/Third_Party/ARM_CMSIS/CMSIS/Core_A/Include/ -I../Middlewares/Third_Party/ARM_CMSIS/PrivateInclude/ -I../Middlewares/Third_Party/ARM_CMSIS/Include/ -I../Middlewares/Third_Party/ARM_CMSIS/Include -I"C:/Users/chayu/Documents/GitHub/stu2/stu2/Source/BasicMathFunctions" -I"C:/Users/chayu/Documents/GitHub/stu2/stu2/Source/BayesFunctions" -I"C:/Users/chayu/Documents/GitHub/stu2/stu2/Source/CommonTables" -I"C:/Users/chayu/Documents/GitHub/stu2/stu2/Source/ComplexMathFunctions" -I"C:/Users/chayu/Documents/GitHub/stu2/stu2/Source/ControllerFunctions" -I"C:/Users/chayu/Documents/GitHub/stu2/stu2/Source/DistanceFunctions" -I"C:/Users/chayu/Documents/GitHub/stu2/stu2/Source/FastMathFunctions" -I"C:/Users/chayu/Documents/GitHub/stu2/stu2/Source/FilteringFunctions" -I"C:/Users/chayu/Documents/GitHub/stu2/stu2/Source/InterpolationFunctions" -I"C:/Users/chayu/Documents/GitHub/stu2/stu2/Source/MatrixFunctions" -I"C:/Users/chayu/Documents/GitHub/stu2/stu2/Source/QuaternionMathFunctions" -I"C:/Users/chayu/Documents/GitHub/stu2/stu2/Source/StatisticsFunctions" -I"C:/Users/chayu/Documents/GitHub/stu2/stu2/Source/SupportFunctions" -I"C:/Users/chayu/Documents/GitHub/stu2/stu2/Source/SVMFunctions" -I"C:/Users/chayu/Documents/GitHub/stu2/stu2/Source/TransformFunctions" -I"C:/Users/chayu/Documents/GitHub/stu2/stu2/Source/WindowFunctions" -O0 -ffunction-sections -fdata-sections -Wall -fstack-usage -fcyclomatic-complexity -MMD -MP -MF"Core/Src/main.d" -MT"Core/Src/main.o" --specs=nano.specs -mfpu=fpv4-sp-d16 -mfloat-abi=hard -mthumb -o "Core/Src/main.o"
arm-none-eabi-gcc -o "stu2.elf" @"objects.list"   -mcpu=cortex-m4 -T"C:\Users\chayu\Documents\GitHub\stu2\stu2\STM32G474RETX_FLASH.ld" --specs=nosys.specs -Wl,-Map="stu2.map" -Wl,--gc-sections -static --specs=nano.specs -mfpu=fpv4-sp-d16 -mfloat-abi=hard -mthumb -Wl,--start-group -lc -lm -Wl,--end-group
Finished building target: stu2.elf
 
arm-none-eabi-size  stu2.elf 
arm-none-eabi-objdump -h -S stu2.elf  > "stu2.list"
   text	   data	    bss	    dec	    hex	filename
  19764	     20	   2012	  21796	   5524	stu2.elf
Finished building: default.size.stdout
 
Finished building: stu2.list
 
10:44:50 **** Incremental Build of configuration Debug for project stu2 ****
make -j8 all 
arm-none-eabi-gcc "../Core/Src/main.c" -mcpu=cortex-m4 -std=gnu11 -g3 -DDEBUG -DUSE_HAL_DRIVER -DSTM32G474xx -c -I../Core/Inc -I../Drivers/STM32G4xx_HAL_Driver/Inc -I../Drivers/STM32G4xx_HAL_Driver/Inc/Legacy -I../Drivers/CMSIS/Device/ST/STM32G4xx/Include -I../Drivers/CMSIS/Include -I../Middlewares/Third_Party/ARM_CMSIS/CMSIS/Core/Include/ -I../Middlewares/Third_Party/ARM_CMSIS/CMSIS/Core_A/Include/ -I../Middlewares/Third_Party/ARM_CMSIS/PrivateInclude/ -I../Middlewares/Third_Party/ARM_CMSIS/Include/ -I../Middlewares/Third_Party/ARM_CMSIS/Include -I"C:/Users/chayu/Documents/GitHub/stu2/stu2/Source/BasicMathFunctions" -I"C:/Users/chayu/Documents/GitHub/stu2/stu2/Source/BayesFunctions" -I"C:/Users/chayu/Documents/GitHub/stu2/stu2/Source/CommonTables" -I"C:/Users/chayu/Documents/GitHub/stu2/stu2/Source/ComplexMathFunctions" -I"C:/Users/chayu/Documents/GitHub/stu2/stu2/Source/ControllerFunctions" -I"C:/Users/chayu/Documents/GitHub/stu2/stu2/Source/DistanceFunctions" -I"C:/Users/chayu/Documents/GitHub/stu2/stu2/Source/FastMathFunctions" -I"C:/Users/chayu/Documents/GitHub/stu2/stu2/Source/FilteringFunctions" -I"C:/Users/chayu/Documents/GitHub/stu2/stu2/Source/InterpolationFunctions" -I"C:/Users/chayu/Documents/GitHub/stu2/stu2/Source/MatrixFunctions" -I"C:/Users/chayu/Documents/GitHub/stu2/stu2/Source/QuaternionMathFunctions" -I"C:/Users/chayu/Documents/GitHub/stu2/stu2/Source/StatisticsFunctions" -I"C:/Users/chayu/Documents/GitHub/stu2/stu2/Source/SupportFunctions" -I"C:/Users/chayu/Documents/GitHub/stu2/stu2/Source/SVMFunctions" -I"C:/Users/chayu/Documents/GitHub/stu2/stu2/Source/TransformFunctions" -I"C:/Users/chayu/Documents/GitHub/stu2/stu2/Source/WindowFunctions" -O0 -ffunction-sections -fdata-sections -Wall -fstack-usage -fcyclomatic-complexity -MMD -MP -MF"Core/Src/main.d" -MT"Core/Src/main.o" --specs=nano.specs -mfpu=fpv4-sp-d16 -mfloat-abi=hard -mthumb -o "Core/Src/main.o"
arm-none-eabi-gcc -o "stu2.elf" @"objects.list"   -mcpu=cortex-m4 -T"C:\Users\chayu\Documents\GitHub\stu2\stu2\STM32G474RETX_FLASH.ld" --specs=nosys.specs -Wl,-Map="stu2.map" -Wl,--gc-sections -static --specs=nano.specs -mfpu=fpv4-sp-d16 -mfloat-abi=hard -mthumb -Wl,--start-group -lc -lm -Wl,--end-group
Finished building target: stu2.elf
 
arm-none-eabi-size  stu2.elf 
arm-none-eabi-objdump -h -S stu2.elf  > "stu2.list"
   text	   data	    bss	    dec	    hex	filename
  19828	     20	   2020	  21868	   556c	stu2.elf
Finished building: default.size.stdout
 
Finished building: stu2.list
 
10:49:45 **** Incremental Build of configuration Debug for project stu2 ****
make -j8 all 
arm-none-eabi-size  stu2.elf 
   text	   data	    bss	    dec	    hex	filename
  19828	     20	   2020	  21868	   556c	stu2.elf
Finished building: default.size.stdout
 
